Component: Arm Compiler for Embedded 6.22 Tool: armlink [5ee90200]

==============================================================================

Section Cross References

    startup_stm32h7r7xx.o(RESET) refers to startup_stm32h7r7xx.o(STACK) for __initial_sp
    startup_stm32h7r7xx.o(RESET) refers to startup_stm32h7r7xx.o(.text) for Reset_Handler
    startup_stm32h7r7xx.o(RESET) refers to stm32h7rsxx_it.o(.text.NMI_Handler) for NMI_Handler
    startup_stm32h7r7xx.o(RESET) refers to stm32h7rsxx_it.o(.text.HardFault_Handler) for HardFault_Handler
    startup_stm32h7r7xx.o(RESET) refers to stm32h7rsxx_it.o(.text.MemManage_Handler) for MemManage_Handler
    startup_stm32h7r7xx.o(RESET) refers to stm32h7rsxx_it.o(.text.BusFault_Handler) for BusFault_Handler
    startup_stm32h7r7xx.o(RESET) refers to stm32h7rsxx_it.o(.text.UsageFault_Handler) for UsageFault_Handler
    startup_stm32h7r7xx.o(RESET) refers to stm32h7rsxx_it.o(.text.SVC_Handler) for SVC_Handler
    startup_stm32h7r7xx.o(RESET) refers to stm32h7rsxx_it.o(.text.DebugMon_Handler) for DebugMon_Handler
    startup_stm32h7r7xx.o(RESET) refers to stm32h7rsxx_it.o(.text.PendSV_Handler) for PendSV_Handler
    startup_stm32h7r7xx.o(RESET) refers to stm32h7rsxx_it.o(.text.SysTick_Handler) for SysTick_Handler
    startup_stm32h7r7xx.o(RESET) refers to usart.o(.text.USART1_IRQHandler) for USART1_IRQHandler
    startup_stm32h7r7xx.o(.text) refers to system_stm32h7rsxx.o(.text.SystemInit) for SystemInit
    startup_stm32h7r7xx.o(.text) refers to entry.o(.ARM.Collect$$$$00000000) for __main
    main.o(.ARM.exidx.text.Error_Handler) refers to main.o(.text.Error_Handler) for [Anonymous Symbol]
    main.o(.ARM.exidx.text.JumpToApplication) refers to main.o(.text.JumpToApplication) for [Anonymous Symbol]
    main.o(.text.main) refers to sys.o(.text.sys_mpu_config) for sys_mpu_config
    main.o(.text.main) refers to sys.o(.text.sys_cache_enable) for sys_cache_enable
    main.o(.text.main) refers to stm32h7rsxx_hal.o(.text.HAL_Init) for HAL_Init
    main.o(.text.main) refers to sys.o(.text.sys_stm32_clock_init) for sys_stm32_clock_init
    main.o(.text.main) refers to memseta.o(.text) for __aeabi_memclr4
    main.o(.text.main) refers to stm32h7rsxx_hal_flash.o(.text.HAL_FLASH_Unlock) for HAL_FLASH_Unlock
    main.o(.text.main) refers to stm32h7rsxx_hal_flash.o(.text.HAL_FLASH_OB_Unlock) for HAL_FLASH_OB_Unlock
    main.o(.text.main) refers to stm32h7rsxx_hal_flash_ex.o(.text.HAL_FLASHEx_OBProgram) for HAL_FLASHEx_OBProgram
    main.o(.text.main) refers to stm32h7rsxx_hal_flash.o(.text.HAL_FLASH_OB_Lock) for HAL_FLASH_OB_Lock
    main.o(.text.main) refers to stm32h7rsxx_hal_flash.o(.text.HAL_FLASH_Lock) for HAL_FLASH_Lock
    main.o(.text.main) refers to sys.o(.text.sys_xspi1_enable_memmapmode) for sys_xspi1_enable_memmapmode
    main.o(.text.main) refers to sys.o(.bss.sys_memory_mapped_flag) for sys_memory_mapped_flag
    main.o(.text.main) refers to hyperram.o(.text.hyperram_init) for hyperram_init
    main.o(.text.main) refers to delay.o(.text.delay_init) for delay_init
    main.o(.text.main) refers to usart.o(.text.usart_init) for usart_init
    main.o(.text.main) refers to led.o(.text.led_init) for led_init
    main.o(.text.main) refers to main.o(.text.JumpToApplication) for JumpToApplication
    main.o(.ARM.exidx.text.main) refers to main.o(.text.main) for [Anonymous Symbol]
    system_stm32h7rsxx.o(.text.SystemInit) refers to startup_stm32h7r7xx.o(RESET) for __Vectors
    system_stm32h7rsxx.o(.ARM.exidx.text.SystemInit) refers to system_stm32h7rsxx.o(.text.SystemInit) for [Anonymous Symbol]
    system_stm32h7rsxx.o(.text.SystemCoreClockUpdate) refers to system_stm32h7rsxx.o(.data.SystemCoreClock) for SystemCoreClock
    system_stm32h7rsxx.o(.ARM.exidx.text.SystemCoreClockUpdate) refers to system_stm32h7rsxx.o(.text.SystemCoreClockUpdate) for [Anonymous Symbol]
    stm32h7rsxx_it.o(.ARM.exidx.text.NMI_Handler) refers to stm32h7rsxx_it.o(.text.NMI_Handler) for [Anonymous Symbol]
    stm32h7rsxx_it.o(.ARM.exidx.text.HardFault_Handler) refers to stm32h7rsxx_it.o(.text.HardFault_Handler) for [Anonymous Symbol]
    stm32h7rsxx_it.o(.ARM.exidx.text.MemManage_Handler) refers to stm32h7rsxx_it.o(.text.MemManage_Handler) for [Anonymous Symbol]
    stm32h7rsxx_it.o(.ARM.exidx.text.BusFault_Handler) refers to stm32h7rsxx_it.o(.text.BusFault_Handler) for [Anonymous Symbol]
    stm32h7rsxx_it.o(.ARM.exidx.text.UsageFault_Handler) refers to stm32h7rsxx_it.o(.text.UsageFault_Handler) for [Anonymous Symbol]
    stm32h7rsxx_it.o(.ARM.exidx.text.SVC_Handler) refers to stm32h7rsxx_it.o(.text.SVC_Handler) for [Anonymous Symbol]
    stm32h7rsxx_it.o(.ARM.exidx.text.DebugMon_Handler) refers to stm32h7rsxx_it.o(.text.DebugMon_Handler) for [Anonymous Symbol]
    stm32h7rsxx_it.o(.ARM.exidx.text.PendSV_Handler) refers to stm32h7rsxx_it.o(.text.PendSV_Handler) for [Anonymous Symbol]
[...]
    Removing stm32h7rsxx_hal_sram.o(.text.HAL_SRAM_WriteOperation_Enable), (66 bytes).
    Removing stm32h7rsxx_hal_sram.o(.ARM.exidx.text.HAL_SRAM_WriteOperation_Enable), (8 bytes).
    Removing stm32h7rsxx_hal_sram.o(.text.HAL_SRAM_WriteOperation_Disable), (68 bytes).
    Removing stm32h7rsxx_hal_sram.o(.ARM.exidx.text.HAL_SRAM_WriteOperation_Disable), (8 bytes).
    Removing stm32h7rsxx_hal_sram.o(.text.HAL_SRAM_GetState), (6 bytes).
    Removing stm32h7rsxx_hal_sram.o(.ARM.exidx.text.HAL_SRAM_GetState), (8 bytes).
    Removing stm32h7rsxx_ll_fmc.o(.text), (0 bytes).
    Removing stm32h7rsxx_ll_fmc.o(.text.FMC_NORSRAM_Init), (142 bytes).
    Removing stm32h7rsxx_ll_fmc.o(.ARM.exidx.text.FMC_NORSRAM_Init), (8 bytes).
    Removing stm32h7rsxx_ll_fmc.o(.text.FMC_NORSRAM_DeInit), (48 bytes).
    Removing stm32h7rsxx_ll_fmc.o(.ARM.exidx.text.FMC_NORSRAM_DeInit), (8 bytes).
    Removing stm32h7rsxx_ll_fmc.o(.text.FMC_NORSRAM_Timing_Init), (86 bytes).
    Removing stm32h7rsxx_ll_fmc.o(.ARM.exidx.text.FMC_NORSRAM_Timing_Init), (8 bytes).
    Removing stm32h7rsxx_ll_fmc.o(.text.FMC_NORSRAM_Extended_Timing_Init), (70 bytes).
    Removing stm32h7rsxx_ll_fmc.o(.ARM.exidx.text.FMC_NORSRAM_Extended_Timing_Init), (8 bytes).
    Removing stm32h7rsxx_ll_fmc.o(.text.FMC_NORSRAM_WriteOperation_Enable), (18 bytes).
    Removing stm32h7rsxx_ll_fmc.o(.ARM.exidx.text.FMC_NORSRAM_WriteOperation_Enable), (8 bytes).
    Removing stm32h7rsxx_ll_fmc.o(.text.FMC_NORSRAM_WriteOperation_Disable), (18 bytes).
    Removing stm32h7rsxx_ll_fmc.o(.ARM.exidx.text.FMC_NORSRAM_WriteOperation_Disable), (8 bytes).
    Removing stm32h7rsxx_ll_fmc.o(.text.FMC_NAND_Init), (60 bytes).
    Removing stm32h7rsxx_ll_fmc.o(.ARM.exidx.text.FMC_NAND_Init), (8 bytes).
    Removing stm32h7rsxx_ll_fmc.o(.text.FMC_NAND_CommonSpace_Timing_Init), (30 bytes).
    Removing stm32h7rsxx_ll_fmc.o(.ARM.exidx.text.FMC_NAND_CommonSpace_Timing_Init), (8 bytes).
    Removing stm32h7rsxx_ll_fmc.o(.text.FMC_NAND_AttributeSpace_Timing_Init), (30 bytes).
    Removing stm32h7rsxx_ll_fmc.o(.ARM.exidx.text.FMC_NAND_AttributeSpace_Timing_Init), (8 bytes).
    Removing stm32h7rsxx_ll_fmc.o(.text.FMC_NAND_DeInit), (30 bytes).
    Removing stm32h7rsxx_ll_fmc.o(.ARM.exidx.text.FMC_NAND_DeInit), (8 bytes).
    Removing stm32h7rsxx_ll_fmc.o(.text.FMC_NAND_ECC_Enable), (14 bytes).
    Removing stm32h7rsxx_ll_fmc.o(.ARM.exidx.text.FMC_NAND_ECC_Enable), (8 bytes).
    Removing stm32h7rsxx_ll_fmc.o(.text.FMC_NAND_ECC_Disable), (14 bytes).
    Removing stm32h7rsxx_ll_fmc.o(.ARM.exidx.text.FMC_NAND_ECC_Disable), (8 bytes).
    Removing stm32h7rsxx_ll_fmc.o(.text.FMC_NAND_GetECC), (72 bytes).
    Removing stm32h7rsxx_ll_fmc.o(.ARM.exidx.text.FMC_NAND_GetECC), (8 bytes).
    Removing stm32h7rsxx_ll_fmc.o(.text.FMC_SDRAM_Init), (134 bytes).
    Removing stm32h7rsxx_ll_fmc.o(.ARM.exidx.text.FMC_SDRAM_Init), (8 bytes).
    Removing stm32h7rsxx_ll_fmc.o(.text.FMC_SDRAM_Timing_Init), (216 bytes).
    Removing stm32h7rsxx_ll_fmc.o(.ARM.exidx.text.FMC_SDRAM_Timing_Init), (8 bytes).
    Removing stm32h7rsxx_ll_fmc.o(.text.FMC_SDRAM_DeInit), (32 bytes).
    Removing stm32h7rsxx_ll_fmc.o(.ARM.exidx.text.FMC_SDRAM_DeInit), (8 bytes).
    Removing stm32h7rsxx_ll_fmc.o(.text.FMC_SDRAM_WriteProtection_Enable), (18 bytes).
    Removing stm32h7rsxx_ll_fmc.o(.ARM.exidx.text.FMC_SDRAM_WriteProtection_Enable), (8 bytes).
    Removing stm32h7rsxx_ll_fmc.o(.text.FMC_SDRAM_WriteProtection_Disable), (18 bytes).
    Removing stm32h7rsxx_ll_fmc.o(.ARM.exidx.text.FMC_SDRAM_WriteProtection_Disable), (8 bytes).
    Removing stm32h7rsxx_ll_fmc.o(.text.FMC_SDRAM_SendCommand), (46 bytes).
    Removing stm32h7rsxx_ll_fmc.o(.ARM.exidx.text.FMC_SDRAM_SendCommand), (8 bytes).
    Removing stm32h7rsxx_ll_fmc.o(.text.FMC_SDRAM_ProgramRefreshRate), (22 bytes).
    Removing stm32h7rsxx_ll_fmc.o(.ARM.exidx.text.FMC_SDRAM_ProgramRefreshRate), (8 bytes).
    Removing stm32h7rsxx_ll_fmc.o(.text.FMC_SDRAM_SetAutoRefreshNumber), (24 bytes).
    Removing stm32h7rsxx_ll_fmc.o(.ARM.exidx.text.FMC_SDRAM_SetAutoRefreshNumber), (8 bytes).
    Removing stm32h7rsxx_ll_fmc.o(.text.FMC_SDRAM_GetModeStatus), (14 bytes).
    Removing stm32h7rsxx_ll_fmc.o(.ARM.exidx.text.FMC_SDRAM_GetModeStatus), (8 bytes).
    Removing stm32h7rsxx_hal_ltdc.o(.text), (0 bytes).
    Removing stm32h7rsxx_hal_ltdc.o(.text.HAL_LTDC_Init), (226 bytes).
    Removing stm32h7rsxx_hal_ltdc.o(.ARM.exidx.text.HAL_LTDC_Init), (8 bytes).
    Removing stm32h7rsxx_hal_ltdc.o(.text.HAL_LTDC_MspInit), (2 bytes).
    Removing stm32h7rsxx_hal_ltdc.o(.ARM.exidx.text.HAL_LTDC_MspInit), (8 bytes).
    Removing stm32h7rsxx_hal_ltdc.o(.text.HAL_LTDC_DeInit), (102 bytes).
    Removing stm32h7rsxx_hal_ltdc.o(.ARM.exidx.text.HAL_LTDC_DeInit), (8 bytes).
    Removing stm32h7rsxx_hal_ltdc.o(.text.HAL_LTDC_MspDeInit), (2 bytes).
    Removing stm32h7rsxx_hal_ltdc.o(.ARM.exidx.text.HAL_LTDC_MspDeInit), (8 bytes).
    Removing stm32h7rsxx_hal_ltdc.o(.text.HAL_LTDC_IRQHandler), (208 bytes).
    Removing stm32h7rsxx_hal_ltdc.o(.ARM.exidx.text.HAL_LTDC_IRQHandler), (8 bytes).
    Removing stm32h7rsxx_hal_ltdc.o(.text.HAL_LTDC_ErrorCallback), (2 bytes).
    Removing stm32h7rsxx_hal_ltdc.o(.ARM.exidx.text.HAL_LTDC_ErrorCallback), (8 bytes).
    Removing stm32h7rsxx_hal_ltdc.o(.text.HAL_LTDC_LineEventCallback), (2 bytes).
    Removing stm32h7rsxx_hal_ltdc.o(.ARM.exidx.text.HAL_LTDC_LineEventCallback), (8 bytes).
    Removing stm32h7rsxx_hal_ltdc.o(.text.HAL_LTDC_ReloadEventCallback), (2 bytes).
    Removing stm32h7rsxx_hal_ltdc.o(.ARM.exidx.text.HAL_LTDC_ReloadEventCallback), (8 bytes).
    Removing stm32h7rsxx_hal_ltdc.o(.text.HAL_LTDC_ConfigLayer), (116 bytes).
    Removing stm32h7rsxx_hal_ltdc.o(.ARM.exidx.text.HAL_LTDC_ConfigLayer), (8 bytes).
    Removing stm32h7rsxx_hal_ltdc.o(.text.LTDC_SetConfig), (272 bytes).
    Removing stm32h7rsxx_hal_ltdc.o(.ARM.exidx.text.LTDC_SetConfig), (8 bytes).
    Removing stm32h7rsxx_hal_ltdc.o(.text.HAL_LTDC_ConfigColorKeying), (60 bytes).
    Removing stm32h7rsxx_hal_ltdc.o(.ARM.exidx.text.HAL_LTDC_ConfigColorKeying), (8 bytes).
    Removing stm32h7rsxx_hal_ltdc.o(.text.HAL_LTDC_ConfigCLUT), (104 bytes).
    Removing stm32h7rsxx_hal_ltdc.o(.ARM.exidx.text.HAL_LTDC_ConfigCLUT), (8 bytes).
    Removing stm32h7rsxx_hal_ltdc.o(.text.HAL_LTDC_EnableColorKeying), (52 bytes).
    Removing stm32h7rsxx_hal_ltdc.o(.ARM.exidx.text.HAL_LTDC_EnableColorKeying), (8 bytes).
    Removing stm32h7rsxx_hal_ltdc.o(.text.HAL_LTDC_DisableColorKeying), (52 bytes).
    Removing stm32h7rsxx_hal_ltdc.o(.ARM.exidx.text.HAL_LTDC_DisableColorKeying), (8 bytes).
    Removing stm32h7rsxx_hal_ltdc.o(.text.HAL_LTDC_EnableCLUT), (52 bytes).
    Removing stm32h7rsxx_hal_ltdc.o(.ARM.exidx.text.HAL_LTDC_EnableCLUT), (8 bytes).
    Removing stm32h7rsxx_hal_ltdc.o(.text.HAL_LTDC_DisableCLUT), (52 bytes).
    Removing stm32h7rsxx_hal_ltdc.o(.ARM.exidx.text.HAL_LTDC_DisableCLUT), (8 bytes).
    Removing stm32h7rsxx_hal_ltdc.o(.text.HAL_LTDC_EnableDither), (48 bytes).
    Removing stm32h7rsxx_hal_ltdc.o(.ARM.exidx.text.HAL_LTDC_EnableDither), (8 bytes).
    Removing stm32h7rsxx_hal_ltdc.o(.text.HAL_LTDC_DisableDither), (48 bytes).
    Removing stm32h7rsxx_hal_ltdc.o(.ARM.exidx.text.HAL_LTDC_DisableDither), (8 bytes).
    Removing stm32h7rsxx_hal_ltdc.o(.text.HAL_LTDC_SetWindowSize), (84 bytes).
    Removing stm32h7rsxx_hal_ltdc.o(.ARM.exidx.text.HAL_LTDC_SetWindowSize), (8 bytes).
    Removing stm32h7rsxx_hal_ltdc.o(.text.HAL_LTDC_SetWindowPosition), (80 bytes).
    Removing stm32h7rsxx_hal_ltdc.o(.ARM.exidx.text.HAL_LTDC_SetWindowPosition), (8 bytes).
    Removing stm32h7rsxx_hal_ltdc.o(.text.HAL_LTDC_SetPixelFormat), (66 bytes).
    Removing stm32h7rsxx_hal_ltdc.o(.ARM.exidx.text.HAL_LTDC_SetPixelFormat), (8 bytes).
    Removing stm32h7rsxx_hal_ltdc.o(.text.HAL_LTDC_SetAlpha), (66 bytes).
    Removing stm32h7rsxx_hal_ltdc.o(.ARM.exidx.text.HAL_LTDC_SetAlpha), (8 bytes).
    Removing stm32h7rsxx_hal_ltdc.o(.text.HAL_LTDC_SetAddress), (66 bytes).
    Removing stm32h7rsxx_hal_ltdc.o(.ARM.exidx.text.HAL_LTDC_SetAddress), (8 bytes).
    Removing stm32h7rsxx_hal_ltdc.o(.text.HAL_LTDC_SetPitch), (128 bytes).
    Removing stm32h7rsxx_hal_ltdc.o(.ARM.exidx.text.HAL_LTDC_SetPitch), (8 bytes).
    Removing stm32h7rsxx_hal_ltdc.o(.text.HAL_LTDC_ProgramLineEvent), (60 bytes).
    Removing stm32h7rsxx_hal_ltdc.o(.ARM.exidx.text.HAL_LTDC_ProgramLineEvent), (8 bytes).
    Removing stm32h7rsxx_hal_ltdc.o(.text.HAL_LTDC_Reload), (44 bytes).
    Removing stm32h7rsxx_hal_ltdc.o(.ARM.exidx.text.HAL_LTDC_Reload), (8 bytes).
    Removing stm32h7rsxx_hal_ltdc.o(.text.HAL_LTDC_ConfigLayer_NoReload), (110 bytes).
    Removing stm32h7rsxx_hal_ltdc.o(.ARM.exidx.text.HAL_LTDC_ConfigLayer_NoReload), (8 bytes).
    Removing stm32h7rsxx_hal_ltdc.o(.text.HAL_LTDC_SetWindowSize_NoReload), (80 bytes).
    Removing stm32h7rsxx_hal_ltdc.o(.ARM.exidx.text.HAL_LTDC_SetWindowSize_NoReload), (8 bytes).
    Removing stm32h7rsxx_hal_ltdc.o(.text.HAL_LTDC_SetWindowPosition_NoReload), (76 bytes).
    Removing stm32h7rsxx_hal_ltdc.o(.ARM.exidx.text.HAL_LTDC_SetWindowPosition_NoReload), (8 bytes).
    Removing stm32h7rsxx_hal_ltdc.o(.text.HAL_LTDC_SetPixelFormat_NoReload), (62 bytes).
    Removing stm32h7rsxx_hal_ltdc.o(.ARM.exidx.text.HAL_LTDC_SetPixelFormat_NoReload), (8 bytes).
    Removing stm32h7rsxx_hal_ltdc.o(.text.HAL_LTDC_SetAlpha_NoReload), (62 bytes).
    Removing stm32h7rsxx_hal_ltdc.o(.ARM.exidx.text.HAL_LTDC_SetAlpha_NoReload), (8 bytes).
    Removing stm32h7rsxx_hal_ltdc.o(.text.HAL_LTDC_SetAddress_NoReload), (62 bytes).
    Removing stm32h7rsxx_hal_ltdc.o(.ARM.exidx.text.HAL_LTDC_SetAddress_NoReload), (8 bytes).
    Removing stm32h7rsxx_hal_ltdc.o(.text.HAL_LTDC_SetPitch_NoReload), (104 bytes).
    Removing stm32h7rsxx_hal_ltdc.o(.ARM.exidx.text.HAL_LTDC_SetPitch_NoReload), (8 bytes).
    Removing stm32h7rsxx_hal_ltdc.o(.text.HAL_LTDC_ConfigColorKeying_NoReload), (54 bytes).
    Removing stm32h7rsxx_hal_ltdc.o(.ARM.exidx.text.HAL_LTDC_ConfigColorKeying_NoReload), (8 bytes).
    Removing stm32h7rsxx_hal_ltdc.o(.text.HAL_LTDC_EnableColorKeying_NoReload), (50 bytes).
    Removing stm32h7rsxx_hal_ltdc.o(.ARM.exidx.text.HAL_LTDC_EnableColorKeying_NoReload), (8 bytes).
    Removing stm32h7rsxx_hal_ltdc.o(.text.HAL_LTDC_DisableColorKeying_NoReload), (50 bytes).
    Removing stm32h7rsxx_hal_ltdc.o(.ARM.exidx.text.HAL_LTDC_DisableColorKeying_NoReload), (8 bytes).
    Removing stm32h7rsxx_hal_ltdc.o(.text.HAL_LTDC_EnableCLUT_NoReload), (50 bytes).
    Removing stm32h7rsxx_hal_ltdc.o(.ARM.exidx.text.HAL_LTDC_EnableCLUT_NoReload), (8 bytes).
    Removing stm32h7rsxx_hal_ltdc.o(.text.HAL_LTDC_DisableCLUT_NoReload), (50 bytes).
    Removing stm32h7rsxx_hal_ltdc.o(.ARM.exidx.text.HAL_LTDC_DisableCLUT_NoReload), (8 bytes).
    Removing stm32h7rsxx_hal_ltdc.o(.text.HAL_LTDC_GetState), (6 bytes).
    Removing stm32h7rsxx_hal_ltdc.o(.ARM.exidx.text.HAL_LTDC_GetState), (8 bytes).
    Removing stm32h7rsxx_hal_ltdc.o(.text.HAL_LTDC_GetError), (6 bytes).
    Removing stm32h7rsxx_hal_ltdc.o(.ARM.exidx.text.HAL_LTDC_GetError), (8 bytes).
    Removing stm32h7rsxx_hal_ltdc.o(.rodata.cst32), (32 bytes).
    Removing stm32h7rsxx_hal_ltdc_ex.o(.text), (0 bytes).
    Removing stm32h7rsxx_hal_flash.o(.text), (0 bytes).
    Removing stm32h7rsxx_hal_flash.o(.text.HAL_FLASH_Program), (722 bytes).
    Removing stm32h7rsxx_hal_flash.o(.ARM.exidx.text.HAL_FLASH_Program), (8 bytes).
    Removing stm32h7rsxx_hal_flash.o(.ARM.exidx.text.FLASH_WaitForLastOperation), (8 bytes).
    Removing stm32h7rsxx_hal_flash.o(.text.HAL_FLASH_Program_IT), (652 bytes).
    Removing stm32h7rsxx_hal_flash.o(.ARM.exidx.text.HAL_FLASH_Program_IT), (8 bytes).
    Removing stm32h7rsxx_hal_flash.o(.text.HAL_FLASH_IRQHandler), (236 bytes).
    Removing stm32h7rsxx_hal_flash.o(.ARM.exidx.text.HAL_FLASH_IRQHandler), (8 bytes).
    Removing stm32h7rsxx_hal_flash.o(.text.HAL_FLASH_OperationErrorCallback), (2 bytes).
    Removing stm32h7rsxx_hal_flash.o(.ARM.exidx.text.HAL_FLASH_OperationErrorCallback), (8 bytes).
    Removing stm32h7rsxx_hal_flash.o(.text.HAL_FLASH_EndOfOperationCallback), (2 bytes).
    Removing stm32h7rsxx_hal_flash.o(.ARM.exidx.text.HAL_FLASH_EndOfOperationCallback), (8 bytes).
    Removing stm32h7rsxx_hal_flash.o(.ARM.exidx.text.HAL_FLASH_Unlock), (8 bytes).
    Removing stm32h7rsxx_hal_flash.o(.ARM.exidx.text.HAL_FLASH_Lock), (8 bytes).
    Removing stm32h7rsxx_hal_flash.o(.ARM.exidx.text.HAL_FLASH_OB_Unlock), (8 bytes).
    Removing stm32h7rsxx_hal_flash.o(.ARM.exidx.text.HAL_FLASH_OB_Lock), (8 bytes).
    Removing stm32h7rsxx_hal_flash.o(.text.HAL_FLASH_GetError), (12 bytes).
    Removing stm32h7rsxx_hal_flash.o(.ARM.exidx.text.HAL_FLASH_GetError), (8 bytes).
    Removing stm32h7rsxx_hal_flash_ex.o(.text), (0 bytes).
    Removing stm32h7rsxx_hal_flash_ex.o(.text.HAL_FLASHEx_Erase), (192 bytes).
    Removing stm32h7rsxx_hal_flash_ex.o(.ARM.exidx.text.HAL_FLASHEx_Erase), (8 bytes).
    Removing stm32h7rsxx_hal_flash_ex.o(.text.FLASH_SectorErase), (24 bytes).
    Removing stm32h7rsxx_hal_flash_ex.o(.ARM.exidx.text.FLASH_SectorErase), (8 bytes).
    Removing stm32h7rsxx_hal_flash_ex.o(.text.HAL_FLASHEx_Erase_IT), (102 bytes).
    Removing stm32h7rsxx_hal_flash_ex.o(.ARM.exidx.text.HAL_FLASHEx_Erase_IT), (8 bytes).
    Removing stm32h7rsxx_hal_flash_ex.o(.ARM.exidx.text.HAL_FLASHEx_OBProgram), (8 bytes).
    Removing stm32h7rsxx_hal_flash_ex.o(.text.HAL_FLASHEx_OBGetConfig), (84 bytes).
    Removing stm32h7rsxx_hal_flash_ex.o(.ARM.exidx.text.HAL_FLASHEx_OBGetConfig), (8 bytes).
    Removing stm32h7rsxx_hal_flash_ex.o(.text.HAL_FLASHEx_OTPLockConfig), (118 bytes).
    Removing stm32h7rsxx_hal_flash_ex.o(.ARM.exidx.text.HAL_FLASHEx_OTPLockConfig), (8 bytes).
    Removing stm32h7rsxx_hal_flash_ex.o(.text.HAL_FLASHEx_GetOTPLock), (14 bytes).
    Removing stm32h7rsxx_hal_flash_ex.o(.ARM.exidx.text.HAL_FLASHEx_GetOTPLock), (8 bytes).
    Removing stm32h7rsxx_hal_flash_ex.o(.text.HAL_FLASHEx_KeyConfig), (210 bytes).
    Removing stm32h7rsxx_hal_flash_ex.o(.ARM.exidx.text.HAL_FLASHEx_KeyConfig), (8 bytes).
    Removing stm32h7rsxx_hal_flash_ex.o(.text.HAL_FLASHEx_GetKey), (146 bytes).
    Removing stm32h7rsxx_hal_flash_ex.o(.ARM.exidx.text.HAL_FLASHEx_GetKey), (8 bytes).
    Removing stm32h7rsxx_hal_flash_ex.o(.text.HAL_FLASHEx_ComputeCRC), (304 bytes).
    Removing stm32h7rsxx_hal_flash_ex.o(.ARM.exidx.text.HAL_FLASHEx_ComputeCRC), (8 bytes).
    Removing stm32h7rsxx_hal_flash_ex.o(.text.HAL_FLASHEx_EnableEccCorrectionInterrupt), (18 bytes).
    Removing stm32h7rsxx_hal_flash_ex.o(.ARM.exidx.text.HAL_FLASHEx_EnableEccCorrectionInterrupt), (8 bytes).
    Removing stm32h7rsxx_hal_flash_ex.o(.text.HAL_FLASHEx_DisableEccCorrectionInterrupt), (18 bytes).
    Removing stm32h7rsxx_hal_flash_ex.o(.ARM.exidx.text.HAL_FLASHEx_DisableEccCorrectionInterrupt), (8 bytes).
    Removing stm32h7rsxx_hal_flash_ex.o(.text.HAL_FLASHEx_EnableEccDetectionInterrupt), (18 bytes).
    Removing stm32h7rsxx_hal_flash_ex.o(.ARM.exidx.text.HAL_FLASHEx_EnableEccDetectionInterrupt), (8 bytes).
    Removing stm32h7rsxx_hal_flash_ex.o(.text.HAL_FLASHEx_DisableEccDetectionInterrupt), (18 bytes).
    Removing stm32h7rsxx_hal_flash_ex.o(.ARM.exidx.text.HAL_FLASHEx_DisableEccDetectionInterrupt), (8 bytes).
    Removing stm32h7rsxx_hal_flash_ex.o(.text.HAL_FLASHEx_GetEccInfo), (82 bytes).
    Removing stm32h7rsxx_hal_flash_ex.o(.ARM.exidx.text.HAL_FLASHEx_GetEccInfo), (8 bytes).
    Removing stm32h7rsxx_hal_flash_ex.o(.text.HAL_FLASHEx_ECCD_IRQHandler), (30 bytes).
    Removing stm32h7rsxx_hal_flash_ex.o(.ARM.exidx.text.HAL_FLASHEx_ECCD_IRQHandler), (8 bytes).
    Removing stm32h7rsxx_hal_flash_ex.o(.text.HAL_FLASHEx_EccDetectionCallback), (2 bytes).
    Removing stm32h7rsxx_hal_flash_ex.o(.ARM.exidx.text.HAL_FLASHEx_EccDetectionCallback), (8 bytes).
    Removing stm32h7rsxx_hal_flash_ex.o(.text.HAL_FLASHEx_EccCorrectionCallback), (2 bytes).
    Removing stm32h7rsxx_hal_flash_ex.o(.ARM.exidx.text.HAL_FLASHEx_EccCorrectionCallback), (8 bytes).
    Removing led.o(.text), (0 bytes).
    Removing led.o(.ARM.exidx.text.led_init), (8 bytes).
    Removing key.o(.text), (0 bytes).
    Removing key.o(.text.key_init), (174 bytes).
    Removing key.o(.ARM.exidx.text.key_init), (8 bytes).
    Removing key.o(.text.key_scan), (244 bytes).
    Removing key.o(.ARM.exidx.text.key_scan), (8 bytes).
    Removing key.o(.bss.key_scan.key_release), (1 bytes).
    Removing hyperram.o(.text), (0 bytes).
    Removing hyperram.o(.ARM.exidx.text.hyperram_init), (8 bytes).
    Removing hyperram.o(.ARM.exidx.text.hyperram_hardware_reset), (8 bytes).
    Removing hyperram.o(.ARM.exidx.text.hyperram_check_identification), (8 bytes).
    Removing hyperram.o(.ARM.exidx.text.hyperram_config_differential_clock), (8 bytes).
    Removing hyperram.o(.ARM.exidx.text.hyperram_memory_mapped), (8 bytes).
    Removing hyperram.o(.text.hyperram_get_size), (12 bytes).
    Removing hyperram.o(.ARM.exidx.text.hyperram_get_size), (8 bytes).

1035 unused section(s) (total 43745 bytes) removed from the image.

==============================================================================

Image Symbol Table

    Local Symbols

    Symbol Name                              Value     Ov Type        Size  Object(Section)

    ../../Drivers/CMSIS/Device/ST/STM32H7RSxx/Source/Templates/arm/startup_stm32h7r7xx.s 0x00000000   Number         0  startup_stm32h7r7xx.o ABSOLUTE
    ../clib/microlib/division.c              0x00000000   Number         0  uldiv.o ABSOLUTE
    ../clib/microlib/init/entry.s            0x00000000   Number         0  entry.o ABSOLUTE
    ../clib/microlib/init/entry.s            0x00000000   Number         0  entry2.o ABSOLUTE
    ../clib/microlib/init/entry.s            0x00000000   Number         0  entry5.o ABSOLUTE
    ../clib/microlib/init/entry.s            0x00000000   Number         0  entry7a.o ABSOLUTE
    ../clib/microlib/init/entry.s            0x00000000   Number         0  entry7b.o ABSOLUTE
    ../clib/microlib/init/entry.s            0x00000000   Number         0  entry8a.o ABSOLUTE
    ../clib/microlib/init/entry.s            0x00000000   Number         0  entry8b.o ABSOLUTE
    ../clib/microlib/init/entry.s            0x00000000   Number         0  entry9a.o ABSOLUTE
    ../clib/microlib/init/entry.s            0x00000000   Number         0  entry9b.o ABSOLUTE
    ../clib/microlib/init/entry.s            0x00000000   Number         0  entry10a.o ABSOLUTE
    ../clib/microlib/init/entry.s            0x00000000   Number         0  entry10b.o ABSOLUTE
    ../clib/microlib/init/entry.s            0x00000000   Number         0  entry11a.o ABSOLUTE
    ../clib/microlib/init/entry.s            0x00000000   Number         0  entry11b.o ABSOLUTE
    ../clib/microlib/longlong.c              0x00000000   Number         0  llshl.o ABSOLUTE
    ../clib/microlib/longlong.c              0x00000000   Number         0  llushr.o ABSOLUTE
    ../clib/microlib/string/memset.c         0x00000000   Number         0  memseta.o ABSOLUTE
    dc.s                                     0x00000000   Number         0  dc.o ABSOLUTE
    delay.c                                  0x00000000   Number         0  delay.o ABSOLUTE
    handlers.s                               0x00000000   Number         0  handlers.o ABSOLUTE
    hyperram.c                               0x00000000   Number         0  hyperram.o ABSOLUTE
    init.s                                   0x00000000   Number         0  init.o ABSOLUTE
    key.c                                    0x00000000   Number         0  key.o ABSOLUTE
    led.c                                    0x00000000   Number         0  led.o ABSOLUTE
    main.c                                   0x00000000   Number         0  main.o ABSOLUTE
    stm32h7rsxx_hal.c                        0x00000000   Number         0  stm32h7rsxx_hal.o ABSOLUTE
    stm32h7rsxx_hal_cortex.c                 0x00000000   Number         0  stm32h7rsxx_hal_cortex.o ABSOLUTE
    stm32h7rsxx_hal_dma.c                    0x00000000   Number         0  stm32h7rsxx_hal_dma.o ABSOLUTE
    stm32h7rsxx_hal_dma_ex.c                 0x00000000   Number         0  stm32h7rsxx_hal_dma_ex.o ABSOLUTE
    stm32h7rsxx_hal_flash.c                  0x00000000   Number         0  stm32h7rsxx_hal_flash.o ABSOLUTE
    stm32h7rsxx_hal_flash_ex.c               0x00000000   Number         0  stm32h7rsxx_hal_flash_ex.o ABSOLUTE
    stm32h7rsxx_hal_gpio.c                   0x00000000   Number         0  stm32h7rsxx_hal_gpio.o ABSOLUTE
    stm32h7rsxx_hal_ltdc.c                   0x00000000   Number         0  stm32h7rsxx_hal_ltdc.o ABSOLUTE
    stm32h7rsxx_hal_ltdc_ex.c                0x00000000   Number         0  stm32h7rsxx_hal_ltdc_ex.o ABSOLUTE
    stm32h7rsxx_hal_pwr.c                    0x00000000   Number         0  stm32h7rsxx_hal_pwr.o ABSOLUTE
    stm32h7rsxx_hal_pwr_ex.c                 0x00000000   Number         0  stm32h7rsxx_hal_pwr_ex.o ABSOLUTE
    stm32h7rsxx_hal_rcc.c                    0x00000000   Number         0  stm32h7rsxx_hal_rcc.o ABSOLUTE
    stm32h7rsxx_hal_rcc_ex.c                 0x00000000   Number         0  stm32h7rsxx_hal_rcc_ex.o ABSOLUTE
    stm32h7rsxx_hal_sram.c                   0x00000000   Number         0  stm32h7rsxx_hal_sram.o ABSOLUTE
    stm32h7rsxx_hal_uart.c                   0x00000000   Number         0  stm32h7rsxx_hal_uart.o ABSOLUTE
    stm32h7rsxx_hal_uart_ex.c                0x00000000   Number         0  stm32h7rsxx_hal_uart_ex.o ABSOLUTE
    stm32h7rsxx_hal_xspi.c                   0x00000000   Number         0  stm32h7rsxx_hal_xspi.o ABSOLUTE
    stm32h7rsxx_it.c                         0x00000000   Number         0  stm32h7rsxx_it.o ABSOLUTE
    stm32h7rsxx_ll_fmc.c                     0x00000000   Number         0  stm32h7rsxx_ll_fmc.o ABSOLUTE
    sys.c                                    0x00000000   Number         0  sys.o ABSOLUTE
    system_stm32h7rsxx.c                     0x00000000   Number         0  system_stm32h7rsxx.o ABSOLUTE
    usart.c                                  0x00000000   Number         0  usart.o ABSOLUTE
    RESET                                    0x08000000   Section      688  startup_stm32h7r7xx.o(RESET)
    .ARM.Collect$$$$00000000                 0x080002b0   Section        0  entry.o(.ARM.Collect$$$$00000000)
    .ARM.Collect$$$$00000001                 0x080002b0   Section        4  entry2.o(.ARM.Collect$$$$00000001)
    .ARM.Collect$$$$00000004                 0x080002b4   Section        4  entry5.o(.ARM.Collect$$$$00000004)
    .ARM.Collect$$$$00000008                 0x080002b8   Section        0  entry7b.o(.ARM.Collect$$$$00000008)
    .ARM.Collect$$$$0000000A                 0x080002b8   Section        0  entry8b.o(.ARM.Collect$$$$0000000A)
    .ARM.Collect$$$$0000000B                 0x080002b8   Section        8  entry9a.o(.ARM.Collect$$$$0000000B)
    __lit__00000000                          0x080002c0   Data           4  entry2.o(.ARM.Collect$$$$00002712)
    .ARM.Collect$$$$0000000D                 0x080002c0   Section        0  entry10a.o(.ARM.Collect$$$$0000000D)
    .ARM.Collect$$$$0000000F                 0x080002c0   Section        0  entry11a.o(.ARM.Collect$$$$0000000F)
    .ARM.Collect$$$$00002712                 0x080002c0   Section        4  entry2.o(.ARM.Collect$$$$00002712)
    $v0                                      0x080002c4   Number         0  startup_stm32h7r7xx.o(.text)
    .text                                    0x080002c4   Section       36  startup_stm32h7r7xx.o(.text)
    .text                                    0x080002e8   Section        0  uldiv.o(.text)
    .text                                    0x0800034a   Section        0  memseta.o(.text)
    .text                                    0x0800036e   Section        0  llshl.o(.text)
    .text                                    0x0800038c   Section        0  llushr.o(.text)
    .text                                    0x080003ac   Section       48  init.o(.text)
    [Anonymous Symbol]                       0x080003e0   Section        0  stm32h7rsxx_it.o(.text.BusFault_Handler)
    [Anonymous Symbol]                       0x080003e8   Section        0  stm32h7rsxx_it.o(.text.DebugMon_Handler)
    [Anonymous Symbol]                       0x080003f0   Section        0  stm32h7rsxx_hal_flash.o(.text.FLASH_WaitForLastOperation)
    [Anonymous Symbol]                       0x08000468   Section        0  stm32h7rsxx_hal_dma.o(.text.HAL_DMA_Abort)
    [Anonymous Symbol]                       0x08000500   Section        0  stm32h7rsxx_hal_dma.o(.text.HAL_DMA_Abort_IT)
    [Anonymous Symbol]                       0x08000528   Section        0  stm32h7rsxx_hal.o(.text.HAL_Delay)
    [Anonymous Symbol]                       0x08000550   Section        0  stm32h7rsxx_hal_flash_ex.o(.text.HAL_FLASHEx_OBProgram)
    [Anonymous Symbol]                       0x08000740   Section        0  stm32h7rsxx_hal_flash.o(.text.HAL_FLASH_Lock)
    [Anonymous Symbol]                       0x08000760   Section        0  stm32h7rsxx_hal_flash.o(.text.HAL_FLASH_OB_Lock)
    [Anonymous Symbol]                       0x08000780   Section        0  stm32h7rsxx_hal_flash.o(.text.HAL_FLASH_OB_Unlock)
    [Anonymous Symbol]                       0x080007b0   Section        0  stm32h7rsxx_hal_flash.o(.text.HAL_FLASH_Unlock)
    [Anonymous Symbol]                       0x080007e0   Section        0  stm32h7rsxx_hal_gpio.o(.text.HAL_GPIO_DeInit)
    [Anonymous Symbol]                       0x080008e8   Section        0  stm32h7rsxx_hal_gpio.o(.text.HAL_GPIO_Init)
    [Anonymous Symbol]                       0x08000a60   Section        0  stm32h7rsxx_hal_gpio.o(.text.HAL_GPIO_WritePin)
    [Anonymous Symbol]                       0x08000a70   Section        0  stm32h7rsxx_hal.o(.text.HAL_GetTick)
    [Anonymous Symbol]                       0x08000a80   Section        0  stm32h7rsxx_hal.o(.text.HAL_IncTick)
    [Anonymous Symbol]                       0x08000aa0   Section        0  stm32h7rsxx_hal.o(.text.HAL_Init)
    [Anonymous Symbol]                       0x08000ac0   Section        0  stm32h7rsxx_hal.o(.text.HAL_InitTick)
    [Anonymous Symbol]                       0x08000b18   Section        0  stm32h7rsxx_hal_cortex.o(.text.HAL_MPU_ConfigRegion)
    [Anonymous Symbol]                       0x08000b80   Section        0  stm32h7rsxx_hal_cortex.o(.text.HAL_MPU_Disable)
    [Anonymous Symbol]                       0x08000ba8   Section        0  stm32h7rsxx_hal_cortex.o(.text.HAL_MPU_Enable)
    [Anonymous Symbol]                       0x08000bd0   Section        0  stm32h7rsxx_hal.o(.text.HAL_MspInit)
    [Anonymous Symbol]                       0x08000bd8   Section        0  stm32h7rsxx_hal_cortex.o(.text.HAL_NVIC_EnableIRQ)
    [Anonymous Symbol]                       0x08000c00   Section        0  stm32h7rsxx_hal_cortex.o(.text.HAL_NVIC_SetPriority)
    [Anonymous Symbol]                       0x08000c60   Section        0  stm32h7rsxx_hal_cortex.o(.text.HAL_NVIC_SetPriorityGrouping)
    [Anonymous Symbol]                       0x08000c80   Section        0  stm32h7rsxx_hal_pwr_ex.o(.text.HAL_PWREx_ConfigSupply)
    [Anonymous Symbol]                       0x08000cf8   Section        0  stm32h7rsxx_hal_pwr_ex.o(.text.HAL_PWREx_ControlVoltageScaling)
    [Anonymous Symbol]                       0x08000d30   Section        0  stm32h7rsxx_hal_pwr_ex.o(.text.HAL_PWREx_EnableUSBVoltageDetector)
    [Anonymous Symbol]                       0x08000d68   Section        0  stm32h7rsxx_hal_pwr_ex.o(.text.HAL_PWREx_EnableXSPIM1)
    [Anonymous Symbol]                       0x08000d80   Section        0  stm32h7rsxx_hal_pwr_ex.o(.text.HAL_PWREx_EnableXSPIM2)
    [Anonymous Symbol]                       0x08000d98   Section        0  stm32h7rsxx_hal_rcc_ex.o(.text.HAL_RCCEx_PeriphCLKConfig)
    [Anonymous Symbol]                       0x080016f0   Section        0  stm32h7rsxx_hal_rcc.o(.text.HAL_RCC_ClockConfig)
    [Anonymous Symbol]                       0x08001920   Section        0  stm32h7rsxx_hal_rcc.o(.text.HAL_RCC_GetPCLK1Freq)
    [Anonymous Symbol]                       0x08001958   Section        0  stm32h7rsxx_hal_rcc.o(.text.HAL_RCC_GetPCLK2Freq)
    [Anonymous Symbol]                       0x08001990   Section        0  stm32h7rsxx_hal_rcc.o(.text.HAL_RCC_GetPCLK4Freq)
    [Anonymous Symbol]                       0x080019c8   Section        0  stm32h7rsxx_hal_rcc.o(.text.HAL_RCC_GetPLL2QFreq)
    [Anonymous Symbol]                       0x08001a90   Section        0  stm32h7rsxx_hal_rcc.o(.text.HAL_RCC_GetPLL3QFreq)
    [Anonymous Symbol]                       0x08001b58   Section        0  stm32h7rsxx_hal_rcc.o(.text.HAL_RCC_GetSysClockFreq)
    [Anonymous Symbol]                       0x08001c78   Section        0  stm32h7rsxx_hal_rcc.o(.text.HAL_RCC_OscConfig)
    [Anonymous Symbol]                       0x08002118   Section        0  stm32h7rsxx_hal.o(.text.HAL_SBS_EnableIOSpeedOptimize)
    [Anonymous Symbol]                       0x08002128   Section        0  stm32h7rsxx_hal_cortex.o(.text.HAL_SYSTICK_Config)
    [Anonymous Symbol]                       0x08002158   Section        0  stm32h7rsxx_hal_uart.o(.text.HAL_UARTEx_RxEventCallback)
    [Anonymous Symbol]                       0x08002160   Section        0  stm32h7rsxx_hal_uart_ex.o(.text.HAL_UARTEx_RxFifoFullCallback)
    [Anonymous Symbol]                       0x08002168   Section        0  stm32h7rsxx_hal_uart_ex.o(.text.HAL_UARTEx_TxFifoEmptyCallback)
    [Anonymous Symbol]                       0x08002170   Section        0  stm32h7rsxx_hal_uart_ex.o(.text.HAL_UARTEx_WakeupCallback)
    [Anonymous Symbol]                       0x08002178   Section        0  stm32h7rsxx_hal_uart.o(.text.HAL_UART_ErrorCallback)
    [Anonymous Symbol]                       0x08002180   Section        0  stm32h7rsxx_hal_uart.o(.text.HAL_UART_IRQHandler)
    [Anonymous Symbol]                       0x08002520   Section        0  stm32h7rsxx_hal_uart.o(.text.HAL_UART_Init)
    [Anonymous Symbol]                       0x08002588   Section        0  usart.o(.text.HAL_UART_MspInit)
    [Anonymous Symbol]                       0x08002658   Section        0  stm32h7rsxx_hal_uart.o(.text.HAL_UART_Receive_IT)
    [Anonymous Symbol]                       0x080026b8   Section        0  usart.o(.text.HAL_UART_RxCpltCallback)
    [Anonymous Symbol]                       0x08002738   Section        0  stm32h7rsxx_hal_uart.o(.text.HAL_UART_TxCpltCallback)
    [Anonymous Symbol]                       0x08002740   Section        0  stm32h7rsxx_hal_xspi.o(.text.HAL_XSPIM_Config)
    [Anonymous Symbol]                       0x08002888   Section        0  stm32h7rsxx_hal_xspi.o(.text.HAL_XSPI_AutoPolling)
    [Anonymous Symbol]                       0x08002998   Section        0  stm32h7rsxx_hal_xspi.o(.text.HAL_XSPI_Command)
    [Anonymous Symbol]                       0x08002ac0   Section        0  stm32h7rsxx_hal_xspi.o(.text.HAL_XSPI_DeInit)
    [Anonymous Symbol]                       0x08002ae8   Section        0  stm32h7rsxx_hal_xspi.o(.text.HAL_XSPI_HyperbusCfg)
    [Anonymous Symbol]                       0x08002b78   Section        0  stm32h7rsxx_hal_xspi.o(.text.HAL_XSPI_HyperbusCmd)
    [Anonymous Symbol]                       0x08002c30   Section        0  stm32h7rsxx_hal_xspi.o(.text.HAL_XSPI_Init)
    [Anonymous Symbol]                       0x08002dd0   Section        0  stm32h7rsxx_hal_xspi.o(.text.HAL_XSPI_MemoryMapped)
    [Anonymous Symbol]                       0x08002e70   Section        0  sys.o(.text.HAL_XSPI_MspDeInit)
    [Anonymous Symbol]                       0x08002eb8   Section        0  sys.o(.text.HAL_XSPI_MspInit)
    [Anonymous Symbol]                       0x08002f80   Section        0  stm32h7rsxx_hal_xspi.o(.text.HAL_XSPI_Receive)
    [Anonymous Symbol]                       0x08003098   Section        0  stm32h7rsxx_hal_xspi.o(.text.HAL_XSPI_SetClockPrescaler)
    [Anonymous Symbol]                       0x080030b8   Section        0  stm32h7rsxx_hal_xspi.o(.text.HAL_XSPI_Transmit)
    [Anonymous Symbol]                       0x080031a0   Section        0  stm32h7rsxx_it.o(.text.HardFault_Handler)
    [Anonymous Symbol]                       0x080031a8   Section        0  main.o(.text.JumpToApplication)
    [Anonymous Symbol]                       0x08003280   Section        0  stm32h7rsxx_it.o(.text.MemManage_Handler)
    [Anonymous Symbol]                       0x08003288   Section        0  stm32h7rsxx_it.o(.text.NMI_Handler)
    [Anonymous Symbol]                       0x08003290   Section        0  stm32h7rsxx_it.o(.text.PendSV_Handler)
    RCC_PLL_Config                           0x08003299   Thumb Code   518  stm32h7rsxx_hal_rcc.o(.text.RCC_PLL_Config)
    [Anonymous Symbol]                       0x08003298   Section        0  stm32h7rsxx_hal_rcc.o(.text.RCC_PLL_Config)
    [Anonymous Symbol]                       0x080034a0   Section        0  stm32h7rsxx_it.o(.text.SVC_Handler)
    [Anonymous Symbol]                       0x080034a8   Section        0  stm32h7rsxx_it.o(.text.SysTick_Handler)
    [Anonymous Symbol]                       0x080034b0   Section        0  system_stm32h7rsxx.o(.text.SystemInit)
    [Anonymous Symbol]                       0x080034d0   Section        0  stm32h7rsxx_hal_uart.o(.text.UART_AdvFeatureConfig)
    [Anonymous Symbol]                       0x080035b0   Section        0  stm32h7rsxx_hal_uart.o(.text.UART_CheckIdleState)
    UART_DMAAbortOnError                     0x08003671   Thumb Code    16  stm32h7rsxx_hal_uart.o(.text.UART_DMAAbortOnError)
    [Anonymous Symbol]                       0x08003670   Section        0  stm32h7rsxx_hal_uart.o(.text.UART_DMAAbortOnError)
    UART_RxISR_16BIT                         0x08003681   Thumb Code   206  stm32h7rsxx_hal_uart.o(.text.UART_RxISR_16BIT)
    [Anonymous Symbol]                       0x08003680   Section        0  stm32h7rsxx_hal_uart.o(.text.UART_RxISR_16BIT)
    UART_RxISR_16BIT_FIFOEN                  0x08003751   Thumb Code   464  stm32h7rsxx_hal_uart.o(.text.UART_RxISR_16BIT_FIFOEN)
    [Anonymous Symbol]                       0x08003750   Section        0  stm32h7rsxx_hal_uart.o(.text.UART_RxISR_16BIT_FIFOEN)
    UART_RxISR_8BIT                          0x08003921   Thumb Code   206  stm32h7rsxx_hal_uart.o(.text.UART_RxISR_8BIT)
    [Anonymous Symbol]                       0x08003920   Section        0  stm32h7rsxx_hal_uart.o(.text.UART_RxISR_8BIT)
    UART_RxISR_8BIT_FIFOEN                   0x080039f1   Thumb Code   468  stm32h7rsxx_hal_uart.o(.text.UART_RxISR_8BIT_FIFOEN)
    [Anonymous Symbol]                       0x080039f0   Section        0  stm32h7rsxx_hal_uart.o(.text.UART_RxISR_8BIT_FIFOEN)
    [Anonymous Symbol]                       0x08003bc8   Section        0  stm32h7rsxx_hal_uart.o(.text.UART_SetConfig)
    [Anonymous Symbol]                       0x08004040   Section        0  stm32h7rsxx_hal_uart.o(.text.UART_Start_Receive_IT)
    [Anonymous Symbol]                       0x08004160   Section        0  stm32h7rsxx_hal_uart.o(.text.UART_WaitOnFlagUntilTimeout)
    [Anonymous Symbol]                       0x080042a0   Section        0  usart.o(.text.USART1_IRQHandler)
    [Anonymous Symbol]                       0x080042b0   Section        0  stm32h7rsxx_it.o(.text.UsageFault_Handler)
    XSPI_ConfigCmd                           0x080042b9   Thumb Code   446  stm32h7rsxx_hal_xspi.o(.text.XSPI_ConfigCmd)
    [Anonymous Symbol]                       0x080042b8   Section        0  stm32h7rsxx_hal_xspi.o(.text.XSPI_ConfigCmd)
    [Anonymous Symbol]                       0x08004478   Section        0  delay.o(.text.delay_init)
    hyperram_check_identification            0x08004489   Thumb Code   216  hyperram.o(.text.hyperram_check_identification)
    [Anonymous Symbol]                       0x08004488   Section        0  hyperram.o(.text.hyperram_check_identification)
    hyperram_config_differential_clock       0x08004561   Thumb Code   186  hyperram.o(.text.hyperram_config_differential_clock)
    [Anonymous Symbol]                       0x08004560   Section        0  hyperram.o(.text.hyperram_config_differential_clock)
    hyperram_hardware_reset                  0x08004621   Thumb Code    50  hyperram.o(.text.hyperram_hardware_reset)
    [Anonymous Symbol]                       0x08004620   Section        0  hyperram.o(.text.hyperram_hardware_reset)
    [Anonymous Symbol]                       0x08004658   Section        0  hyperram.o(.text.hyperram_init)
    hyperram_memory_mapped                   0x080047a9   Thumb Code    96  hyperram.o(.text.hyperram_memory_mapped)
    [Anonymous Symbol]                       0x080047a8   Section        0  hyperram.o(.text.hyperram_memory_mapped)
    [Anonymous Symbol]                       0x08004808   Section        0  led.o(.text.led_init)
    [Anonymous Symbol]                       0x08004898   Section        0  main.o(.text.main)
    [Anonymous Symbol]                       0x08004948   Section        0  sys.o(.text.sys_cache_enable)
    [Anonymous Symbol]                       0x080049e0   Section        0  sys.o(.text.sys_mpu_config)
    [Anonymous Symbol]                       0x08004ae0   Section        0  sys.o(.text.sys_stm32_clock_init)
    [Anonymous Symbol]                       0x08004c18   Section        0  sys.o(.text.sys_xspi1_enable_memmapmode)
    [Anonymous Symbol]                       0x08005630   Section        0  usart.o(.text.usart_init)
    i.__scatterload_copy                     0x08005676   Section       14  handlers.o(i.__scatterload_copy)
    i.__scatterload_null                     0x08005684   Section        2  handlers.o(i.__scatterload_null)
    i.__scatterload_zeroinit                 0x08005686   Section       14  handlers.o(i.__scatterload_zeroinit)
    .L__const.HAL_RCC_GetHCLKFreq.AHBPrescTable 0x080056ac   Data           8  stm32h7rsxx_hal_rcc.o(.rodata.cst8)
    g_fac_us                                 0x24000010   Data           4  delay.o(.bss.g_fac_us)
    [Anonymous Symbol]                       0x24000010   Section        0  delay.o(.bss.g_fac_us)
    g_xspi_handle                            0x24000178   Data          96  hyperram.o(.bss.g_xspi_handle)
    [Anonymous Symbol]                       0x24000178   Section        0  hyperram.o(.bss.g_xspi_handle)
    hyperram_size                            0x240001d8   Data           4  hyperram.o(.bss.hyperram_size)
    [Anonymous Symbol]                       0x240001d8   Section        0  hyperram.o(.bss.hyperram_size)
    STACK                                    0x24000298   Section     4096  startup_stm32h7r7xx.o(STACK)

    Global Symbols

    Symbol Name                              Value     Ov Type        Size  Object(Section)

    BuildAttributes$$THM_ISAv4$E$P$D$K$B$S$7EM$VFPv5_D16$PE$PLD8$A:L22UL41UL21$X:L11$S22US41US21$IEEE1$IW$~IW$USESV6$~STKCKD$USESV7$~SHL$OTIME$EBA8$MICROLIB$REQ8$PRES8$EABIv2 0x00000000   Number         0  anon$$obj.o ABSOLUTE
    __cpp_initialize__aeabi_                  - Undefined Weak Reference
    __cxa_finalize                            - Undefined Weak Reference
    __decompress                              - Undefined Weak Reference
    _clock_init                               - Undefined Weak Reference
    _microlib_exit                            - Undefined Weak Reference
    __Vectors_Size                           0x000002b0   Number         0  startup_stm32h7r7xx.o ABSOLUTE
    __Vectors                                0x08000000   Data           4  startup_stm32h7r7xx.o(RESET)
    __Vectors_End                            0x080002b0   Data           0  startup_stm32h7r7xx.o(RESET)
    __main                                   0x080002b1   Thumb Code     0  entry.o(.ARM.Collect$$$$00000000)
    _main_stk                                0x080002b1   Thumb Code     0  entry2.o(.ARM.Collect$$$$00000001)
    _main_scatterload                        0x080002b5   Thumb Code     0  entry5.o(.ARM.Collect$$$$00000004)
    __main_after_scatterload                 0x080002b9   Thumb Code     0  entry5.o(.ARM.Collect$$$$00000004)
    _main_clock                              0x080002b9   Thumb Code     0  entry7b.o(.ARM.Collect$$$$00000008)
    _main_cpp_init                           0x080002b9   Thumb Code     0  entry8b.o(.ARM.Collect$$$$0000000A)
    _main_init                               0x080002b9   Thumb Code     0  entry9a.o(.ARM.Collect$$$$0000000B)
    __rt_final_cpp                           0x080002c1   Thumb Code     0  entry10a.o(.ARM.Collect$$$$0000000D)
    __rt_final_exit                          0x080002c1   Thumb Code     0  entry11a.o(.ARM.Collect$$$$0000000F)
    Reset_Handler                            0x080002c5   Thumb Code     8  startup_stm32h7r7xx.o(.text)
    ADC1_2_IRQHandler                        0x080002df   Thumb Code     0  startup_stm32h7r7xx.o(.text)
    ADF1_FLT0_IRQHandler                     0x080002df   Thumb Code     0  startup_stm32h7r7xx.o(.text)
    CEC_IRQHandler                           0x080002df   Thumb Code     0  startup_stm32h7r7xx.o(.text)
    CORDIC_IRQHandler                        0x080002df   Thumb Code     0  startup_stm32h7r7xx.o(.text)
    CRS_IRQHandler                           0x080002df   Thumb Code     0  startup_stm32h7r7xx.o(.text)
    DCMIPP_IRQHandler                        0x080002df   Thumb Code     0  startup_stm32h7r7xx.o(.text)
    DMA2D_IRQHandler                         0x080002df   Thumb Code     0  startup_stm32h7r7xx.o(.text)
    DTS_IRQHandler                           0x080002df   Thumb Code     0  startup_stm32h7r7xx.o(.text)
    ETH_IRQHandler                           0x080002df   Thumb Code     0  startup_stm32h7r7xx.o(.text)
    EXTI0_IRQHandler                         0x080002df   Thumb Code     0  startup_stm32h7r7xx.o(.text)
    EXTI10_IRQHandler                        0x080002df   Thumb Code     0  startup_stm32h7r7xx.o(.text)
    EXTI11_IRQHandler                        0x080002df   Thumb Code     0  startup_stm32h7r7xx.o(.text)
    EXTI12_IRQHandler                        0x080002df   Thumb Code     0  startup_stm32h7r7xx.o(.text)
    EXTI13_IRQHandler                        0x080002df   Thumb Code     0  startup_stm32h7r7xx.o(.text)
    EXTI14_IRQHandler                        0x080002df   Thumb Code     0  startup_stm32h7r7xx.o(.text)
    EXTI15_IRQHandler                        0x080002df   Thumb Code     0  startup_stm32h7r7xx.o(.text)
    EXTI1_IRQHandler                         0x080002df   Thumb Code     0  startup_stm32h7r7xx.o(.text)
    EXTI2_IRQHandler                         0x080002df   Thumb Code     0  startup_stm32h7r7xx.o(.text)
    EXTI3_IRQHandler                         0x080002df   Thumb Code     0  startup_stm32h7r7xx.o(.text)
    EXTI4_IRQHandler                         0x080002df   Thumb Code     0  startup_stm32h7r7xx.o(.text)
    EXTI5_IRQHandler                         0x080002df   Thumb Code     0  startup_stm32h7r7xx.o(.text)
    EXTI6_IRQHandler                         0x080002df   Thumb Code     0  startup_stm32h7r7xx.o(.text)
    EXTI7_IRQHandler                         0x080002df   Thumb Code     0  startup_stm32h7r7xx.o(.text)
    EXTI8_IRQHandler                         0x080002df   Thumb Code     0  startup_stm32h7r7xx.o(.text)
    EXTI9_IRQHandler                         0x080002df   Thumb Code     0  startup_stm32h7r7xx.o(.text)
    FDCAN1_IT0_IRQHandler                    0x080002df   Thumb Code     0  startup_stm32h7r7xx.o(.text)
    FDCAN1_IT1_IRQHandler                    0x080002df   Thumb Code     0  startup_stm32h7r7xx.o(.text)
    FDCAN2_IT0_IRQHandler                    0x080002df   Thumb Code     0  startup_stm32h7r7xx.o(.text)
    FDCAN2_IT1_IRQHandler                    0x080002df   Thumb Code     0  startup_stm32h7r7xx.o(.text)
    FLASH_IRQHandler                         0x080002df   Thumb Code     0  startup_stm32h7r7xx.o(.text)
    FMC_IRQHandler                           0x080002df   Thumb Code     0  startup_stm32h7r7xx.o(.text)
    FPU_IRQHandler                           0x080002df   Thumb Code     0  startup_stm32h7r7xx.o(.text)
    GFXMMU_IRQHandler                        0x080002df   Thumb Code     0  startup_stm32h7r7xx.o(.text)
    GFXTIM_IRQHandler                        0x080002df   Thumb Code     0  startup_stm32h7r7xx.o(.text)
    GPDMA1_Channel0_IRQHandler               0x080002df   Thumb Code     0  startup_stm32h7r7xx.o(.text)
    GPDMA1_Channel10_IRQHandler              0x080002df   Thumb Code     0  startup_stm32h7r7xx.o(.text)
    GPDMA1_Channel11_IRQHandler              0x080002df   Thumb Code     0  startup_stm32h7r7xx.o(.text)
    GPDMA1_Channel12_IRQHandler              0x080002df   Thumb Code     0  startup_stm32h7r7xx.o(.text)
    GPDMA1_Channel13_IRQHandler              0x080002df   Thumb Code     0  startup_stm32h7r7xx.o(.text)
    GPDMA1_Channel14_IRQHandler              0x080002df   Thumb Code     0  startup_stm32h7r7xx.o(.text)
    GPDMA1_Channel15_IRQHandler              0x080002df   Thumb Code     0  startup_stm32h7r7xx.o(.text)
    GPDMA1_Channel1_IRQHandler               0x080002df   Thumb Code     0  startup_stm32h7r7xx.o(.text)
    GPDMA1_Channel2_IRQHandler               0x080002df   Thumb Code     0  startup_stm32h7r7xx.o(.text)
    GPDMA1_Channel3_IRQHandler               0x080002df   Thumb Code     0  startup_stm32h7r7xx.o(.text)
    GPDMA1_Channel4_IRQHandler               0x080002df   Thumb Code     0  startup_stm32h7r7xx.o(.text)
    GPDMA1_Channel5_IRQHandler               0x080002df   Thumb Code     0  startup_stm32h7r7xx.o(.text)
    GPDMA1_Channel6_IRQHandler               0x080002df   Thumb Code     0  startup_stm32h7r7xx.o(.text)
    GPDMA1_Channel7_IRQHandler               0x080002df   Thumb Code     0  startup_stm32h7r7xx.o(.text)
    GPDMA1_Channel8_IRQHandler               0x080002df   Thumb Code     0  startup_stm32h7r7xx.o(.text)
    GPDMA1_Channel9_IRQHandler               0x080002df   Thumb Code     0  startup_stm32h7r7xx.o(.text)
    GPU2D_ER_IRQHandler                      0x080002df   Thumb Code     0  startup_stm32h7r7xx.o(.text)
    GPU2D_IRQHandler                         0x080002df   Thumb Code     0  startup_stm32h7r7xx.o(.text)
    HASH_IRQHandler                          0x080002df   Thumb Code     0  startup_stm32h7r7xx.o(.text)
    HPDMA1_Channel0_IRQHandler               0x080002df   Thumb Code     0  startup_stm32h7r7xx.o(.text)
    HPDMA1_Channel10_IRQHandler              0x080002df   Thumb Code     0  startup_stm32h7r7xx.o(.text)
    HPDMA1_Channel11_IRQHandler              0x080002df   Thumb Code     0  startup_stm32h7r7xx.o(.text)
    HPDMA1_Channel12_IRQHandler              0x080002df   Thumb Code     0  startup_stm32h7r7xx.o(.text)
    HPDMA1_Channel13_IRQHandler              0x080002df   Thumb Code     0  startup_stm32h7r7xx.o(.text)
    HPDMA1_Channel14_IRQHandler              0x080002df   Thumb Code     0  startup_stm32h7r7xx.o(.text)
    HPDMA1_Channel15_IRQHandler              0x080002df   Thumb Code     0  startup_stm32h7r7xx.o(.text)
    HPDMA1_Channel1_IRQHandler               0x080002df   Thumb Code     0  startup_stm32h7r7xx.o(.text)
    HPDMA1_Channel2_IRQHandler               0x080002df   Thumb Code     0  startup_stm32h7r7xx.o(.text)
    HPDMA1_Channel3_IRQHandler               0x080002df   Thumb Code     0  startup_stm32h7r7xx.o(.text)
    HPDMA1_Channel4_IRQHandler               0x080002df   Thumb Code     0  startup_stm32h7r7xx.o(.text)
    HPDMA1_Channel5_IRQHandler               0x080002df   Thumb Code     0  startup_stm32h7r7xx.o(.text)
    HPDMA1_Channel6_IRQHandler               0x080002df   Thumb Code     0  startup_stm32h7r7xx.o(.text)
    HPDMA1_Channel7_IRQHandler               0x080002df   Thumb Code     0  startup_stm32h7r7xx.o(.text)
    HPDMA1_Channel8_IRQHandler               0x080002df   Thumb Code     0  startup_stm32h7r7xx.o(.text)
    HPDMA1_Channel9_IRQHandler               0x080002df   Thumb Code     0  startup_stm32h7r7xx.o(.text)
    I2C1_ER_IRQHandler                       0x080002df   Thumb Code     0  startup_stm32h7r7xx.o(.text)
    I2C1_EV_IRQHandler                       0x080002df   Thumb Code     0  startup_stm32h7r7xx.o(.text)
    I2C2_ER_IRQHandler                       0x080002df   Thumb Code     0  startup_stm32h7r7xx.o(.text)
    I2C2_EV_IRQHandler                       0x080002df   Thumb Code     0  startup_stm32h7r7xx.o(.text)
    I2C3_ER_IRQHandler                       0x080002df   Thumb Code     0  startup_stm32h7r7xx.o(.text)
    I2C3_EV_IRQHandler                       0x080002df   Thumb Code     0  startup_stm32h7r7xx.o(.text)
    I3C1_ER_IRQHandler                       0x080002df   Thumb Code     0  startup_stm32h7r7xx.o(.text)
    I3C1_EV_IRQHandler                       0x080002df   Thumb Code     0  startup_stm32h7r7xx.o(.text)
    I3C1_WKUP_IRQHandler                     0x080002df   Thumb Code     0  startup_stm32h7r7xx.o(.text)
    ICACHE_IRQHandler                        0x080002df   Thumb Code     0  startup_stm32h7r7xx.o(.text)
    IWDG_IRQHandler                          0x080002df   Thumb Code     0  startup_stm32h7r7xx.o(.text)
    JPEG_IRQHandler                          0x080002df   Thumb Code     0  startup_stm32h7r7xx.o(.text)
    LPTIM1_IRQHandler                        0x080002df   Thumb Code     0  startup_stm32h7r7xx.o(.text)
    LPTIM2_IRQHandler                        0x080002df   Thumb Code     0  startup_stm32h7r7xx.o(.text)
    LPTIM3_IRQHandler                        0x080002df   Thumb Code     0  startup_stm32h7r7xx.o(.text)
    LPTIM4_IRQHandler                        0x080002df   Thumb Code     0  startup_stm32h7r7xx.o(.text)
    LPTIM5_IRQHandler                        0x080002df   Thumb Code     0  startup_stm32h7r7xx.o(.text)
    LPUART1_IRQHandler                       0x080002df   Thumb Code     0  startup_stm32h7r7xx.o(.text)
    LTDC_ER_IRQHandler                       0x080002df   Thumb Code     0  startup_stm32h7r7xx.o(.text)
    LTDC_IRQHandler                          0x080002df   Thumb Code     0  startup_stm32h7r7xx.o(.text)
    MDIOS_IRQHandler                         0x080002df   Thumb Code     0  startup_stm32h7r7xx.o(.text)
    OTG_FS_IRQHandler                        0x080002df   Thumb Code     0  startup_stm32h7r7xx.o(.text)
    OTG_HS_IRQHandler                        0x080002df   Thumb Code     0  startup_stm32h7r7xx.o(.text)
    PKA_IRQHandler                           0x080002df   Thumb Code     0  startup_stm32h7r7xx.o(.text)
    PSSI_IRQHandler                          0x080002df   Thumb Code     0  startup_stm32h7r7xx.o(.text)
    PVD_PVM_IRQHandler                       0x080002df   Thumb Code     0  startup_stm32h7r7xx.o(.text)
    RAMECC_IRQHandler                        0x080002df   Thumb Code     0  startup_stm32h7r7xx.o(.text)
    RCC_IRQHandler                           0x080002df   Thumb Code     0  startup_stm32h7r7xx.o(.text)
    RNG_IRQHandler                           0x080002df   Thumb Code     0  startup_stm32h7r7xx.o(.text)
    RTC_IRQHandler                           0x080002df   Thumb Code     0  startup_stm32h7r7xx.o(.text)
    SAI1_A_IRQHandler                        0x080002df   Thumb Code     0  startup_stm32h7r7xx.o(.text)
    SAI1_B_IRQHandler                        0x080002df   Thumb Code     0  startup_stm32h7r7xx.o(.text)
    SAI2_A_IRQHandler                        0x080002df   Thumb Code     0  startup_stm32h7r7xx.o(.text)
    SAI2_B_IRQHandler                        0x080002df   Thumb Code     0  startup_stm32h7r7xx.o(.text)
    SDMMC1_IRQHandler                        0x080002df   Thumb Code     0  startup_stm32h7r7xx.o(.text)
    SDMMC2_IRQHandler                        0x080002df   Thumb Code     0  startup_stm32h7r7xx.o(.text)
    SPDIF_RX_IRQHandler                      0x080002df   Thumb Code     0  startup_stm32h7r7xx.o(.text)
    SPI1_IRQHandler                          0x080002df   Thumb Code     0  startup_stm32h7r7xx.o(.text)
    SPI2_IRQHandler                          0x080002df   Thumb Code     0  startup_stm32h7r7xx.o(.text)
    SPI3_IRQHandler                          0x080002df   Thumb Code     0  startup_stm32h7r7xx.o(.text)
    SPI4_IRQHandler                          0x080002df   Thumb Code     0  startup_stm32h7r7xx.o(.text)
    SPI5_IRQHandler                          0x080002df   Thumb Code     0  startup_stm32h7r7xx.o(.text)
    SPI6_IRQHandler                          0x080002df   Thumb Code     0  startup_stm32h7r7xx.o(.text)
    TAMP_IRQHandler                          0x080002df   Thumb Code     0  startup_stm32h7r7xx.o(.text)
    TIM12_IRQHandler                         0x080002df   Thumb Code     0  startup_stm32h7r7xx.o(.text)
    TIM13_IRQHandler                         0x080002df   Thumb Code     0  startup_stm32h7r7xx.o(.text)
    TIM14_IRQHandler                         0x080002df   Thumb Code     0  startup_stm32h7r7xx.o(.text)
    TIM15_IRQHandler                         0x080002df   Thumb Code     0  startup_stm32h7r7xx.o(.text)
    TIM16_IRQHandler                         0x080002df   Thumb Code     0  startup_stm32h7r7xx.o(.text)
    TIM17_IRQHandler                         0x080002df   Thumb Code     0  startup_stm32h7r7xx.o(.text)
    TIM1_BRK_IRQHandler                      0x080002df   Thumb Code     0  startup_stm32h7r7xx.o(.text)
    TIM1_CC_IRQHandler                       0x080002df   Thumb Code     0  startup_stm32h7r7xx.o(.text)
    TIM1_TRG_COM_IRQHandler                  0x080002df   Thumb Code     0  startup_stm32h7r7xx.o(.text)
    TIM1_UP_IRQHandler                       0x080002df   Thumb Code     0  startup_stm32h7r7xx.o(.text)
    TIM2_IRQHandler                          0x080002df   Thumb Code     0  startup_stm32h7r7xx.o(.text)
    TIM3_IRQHandler                          0x080002df   Thumb Code     0  startup_stm32h7r7xx.o(.text)
    TIM4_IRQHandler                          0x080002df   Thumb Code     0  startup_stm32h7r7xx.o(.text)
    TIM5_IRQHandler                          0x080002df   Thumb Code     0  startup_stm32h7r7xx.o(.text)
    TIM6_IRQHandler                          0x080002df   Thumb Code     0  startup_stm32h7r7xx.o(.text)
    TIM7_IRQHandler                          0x080002df   Thumb Code     0  startup_stm32h7r7xx.o(.text)
    TIM9_IRQHandler                          0x080002df   Thumb Code     0  startup_stm32h7r7xx.o(.text)
    UART4_IRQHandler                         0x080002df   Thumb Code     0  startup_stm32h7r7xx.o(.text)
    UART5_IRQHandler                         0x080002df   Thumb Code     0  startup_stm32h7r7xx.o(.text)
    UART7_IRQHandler                         0x080002df   Thumb Code     0  startup_stm32h7r7xx.o(.text)
    UART8_IRQHandler                         0x080002df   Thumb Code     0  startup_stm32h7r7xx.o(.text)
    UCPD1_IRQHandler                         0x080002df   Thumb Code     0  startup_stm32h7r7xx.o(.text)
    USART2_IRQHandler                        0x080002df   Thumb Code     0  startup_stm32h7r7xx.o(.text)
    USART3_IRQHandler                        0x080002df   Thumb Code     0  startup_stm32h7r7xx.o(.text)
    WAKEUP_PIN_IRQHandler                    0x080002df   Thumb Code     0  startup_stm32h7r7xx.o(.text)
    WWDG_IRQHandler                          0x080002df   Thumb Code     0  startup_stm32h7r7xx.o(.text)
    XSPI1_IRQHandler                         0x080002df   Thumb Code     0  startup_stm32h7r7xx.o(.text)
    XSPI2_IRQHandler                         0x080002df   Thumb Code     0  startup_stm32h7r7xx.o(.text)
    __aeabi_uldivmod                         0x080002e9   Thumb Code    98  uldiv.o(.text)
    __aeabi_memset                           0x0800034b   Thumb Code    14  memseta.o(.text)
    __aeabi_memset4                          0x0800034b   Thumb Code     0  memseta.o(.text)
    __aeabi_memset8                          0x0800034b   Thumb Code     0  memseta.o(.text)
    __aeabi_memclr                           0x08000359   Thumb Code     4  memseta.o(.text)
    __aeabi_memclr4                          0x08000359   Thumb Code     0  memseta.o(.text)
    __aeabi_memclr8                          0x08000359   Thumb Code     0  memseta.o(.text)
    _memset$wrapper                          0x0800035d   Thumb Code    18  memseta.o(.text)
    __aeabi_llsl                             0x0800036f   Thumb Code    30  llshl.o(.text)
    _ll_shift_l                              0x0800036f   Thumb Code     0  llshl.o(.text)
    __aeabi_llsr                             0x0800038d   Thumb Code    32  llushr.o(.text)
    _ll_ushift_r                             0x0800038d   Thumb Code     0  llushr.o(.text)
    __scatterload                            0x080003ad   Thumb Code    38  init.o(.text)
    __scatterload_rt2                        0x080003ad   Thumb Code     0  init.o(.text)
    BusFault_Handler                         0x080003e1   Thumb Code     2  stm32h7rsxx_it.o(.text.BusFault_Handler)
    DebugMon_Handler                         0x080003e9   Thumb Code     2  stm32h7rsxx_it.o(.text.DebugMon_Handler)
    FLASH_WaitForLastOperation               0x080003f1   Thumb Code   118  stm32h7rsxx_hal_flash.o(.text.FLASH_WaitForLastOperation)
    HAL_DMA_Abort                            0x08000469   Thumb Code   150  stm32h7rsxx_hal_dma.o(.text.HAL_DMA_Abort)
    HAL_DMA_Abort_IT                         0x08000501   Thumb Code    40  stm32h7rsxx_hal_dma.o(.text.HAL_DMA_Abort_IT)
    HAL_Delay                                0x08000529   Thumb Code    40  stm32h7rsxx_hal.o(.text.HAL_Delay)
    HAL_FLASHEx_OBProgram                    0x08000551   Thumb Code   492  stm32h7rsxx_hal_flash_ex.o(.text.HAL_FLASHEx_OBProgram)
    HAL_FLASH_Lock                           0x08000741   Thumb Code    26  stm32h7rsxx_hal_flash.o(.text.HAL_FLASH_Lock)
    HAL_FLASH_OB_Lock                        0x08000761   Thumb Code    26  stm32h7rsxx_hal_flash.o(.text.HAL_FLASH_OB_Lock)
    HAL_FLASH_OB_Unlock                      0x08000781   Thumb Code    44  stm32h7rsxx_hal_flash.o(.text.HAL_FLASH_OB_Unlock)
    HAL_FLASH_Unlock                         0x080007b1   Thumb Code    48  stm32h7rsxx_hal_flash.o(.text.HAL_FLASH_Unlock)
    HAL_GPIO_DeInit                          0x080007e1   Thumb Code   260  stm32h7rsxx_hal_gpio.o(.text.HAL_GPIO_DeInit)
    HAL_GPIO_Init                            0x080008e9   Thumb Code   376  stm32h7rsxx_hal_gpio.o(.text.HAL_GPIO_Init)
    HAL_GPIO_WritePin                        0x08000a61   Thumb Code    12  stm32h7rsxx_hal_gpio.o(.text.HAL_GPIO_WritePin)
    HAL_GetTick                              0x08000a71   Thumb Code    12  stm32h7rsxx_hal.o(.text.HAL_GetTick)
    HAL_IncTick                              0x08000a81   Thumb Code    26  stm32h7rsxx_hal.o(.text.HAL_IncTick)
    HAL_Init                                 0x08000aa1   Thumb Code    30  stm32h7rsxx_hal.o(.text.HAL_Init)
    HAL_InitTick                             0x08000ac1   Thumb Code    88  stm32h7rsxx_hal.o(.text.HAL_InitTick)
    HAL_MPU_ConfigRegion                     0x08000b19   Thumb Code   100  stm32h7rsxx_hal_cortex.o(.text.HAL_MPU_ConfigRegion)
    HAL_MPU_Disable                          0x08000b81   Thumb Code    34  stm32h7rsxx_hal_cortex.o(.text.HAL_MPU_Disable)
    HAL_MPU_Enable                           0x08000ba9   Thumb Code    36  stm32h7rsxx_hal_cortex.o(.text.HAL_MPU_Enable)
    HAL_MspInit                              0x08000bd1   Thumb Code     2  stm32h7rsxx_hal.o(.text.HAL_MspInit)
    HAL_NVIC_EnableIRQ                       0x08000bd9   Thumb Code    34  stm32h7rsxx_hal_cortex.o(.text.HAL_NVIC_EnableIRQ)
    HAL_NVIC_SetPriority                     0x08000c01   Thumb Code    90  stm32h7rsxx_hal_cortex.o(.text.HAL_NVIC_SetPriority)
    HAL_NVIC_SetPriorityGrouping             0x08000c61   Thumb Code    32  stm32h7rsxx_hal_cortex.o(.text.HAL_NVIC_SetPriorityGrouping)
    HAL_PWREx_ConfigSupply                   0x08000c81   Thumb Code   114  stm32h7rsxx_hal_pwr_ex.o(.text.HAL_PWREx_ConfigSupply)
    HAL_PWREx_ControlVoltageScaling          0x08000cf9   Thumb Code    54  stm32h7rsxx_hal_pwr_ex.o(.text.HAL_PWREx_ControlVoltageScaling)
    HAL_PWREx_EnableUSBVoltageDetector       0x08000d31   Thumb Code    50  stm32h7rsxx_hal_pwr_ex.o(.text.HAL_PWREx_EnableUSBVoltageDetector)
    HAL_PWREx_EnableXSPIM1                   0x08000d69   Thumb Code    18  stm32h7rsxx_hal_pwr_ex.o(.text.HAL_PWREx_EnableXSPIM1)
    HAL_PWREx_EnableXSPIM2                   0x08000d81   Thumb Code    18  stm32h7rsxx_hal_pwr_ex.o(.text.HAL_PWREx_EnableXSPIM2)
    HAL_RCCEx_PeriphCLKConfig                0x08000d99   Thumb Code  2386  stm32h7rsxx_hal_rcc_ex.o(.text.HAL_RCCEx_PeriphCLKConfig)
    HAL_RCC_ClockConfig                      0x080016f1   Thumb Code   554  stm32h7rsxx_hal_rcc.o(.text.HAL_RCC_ClockConfig)
    HAL_RCC_GetPCLK1Freq                     0x08001921   Thumb Code    56  stm32h7rsxx_hal_rcc.o(.text.HAL_RCC_GetPCLK1Freq)
    HAL_RCC_GetPCLK2Freq                     0x08001959   Thumb Code    56  stm32h7rsxx_hal_rcc.o(.text.HAL_RCC_GetPCLK2Freq)
    HAL_RCC_GetPCLK4Freq                     0x08001991   Thumb Code    56  stm32h7rsxx_hal_rcc.o(.text.HAL_RCC_GetPCLK4Freq)
    HAL_RCC_GetPLL2QFreq                     0x080019c9   Thumb Code   184  stm32h7rsxx_hal_rcc.o(.text.HAL_RCC_GetPLL2QFreq)
    HAL_RCC_GetPLL3QFreq                     0x08001a91   Thumb Code   184  stm32h7rsxx_hal_rcc.o(.text.HAL_RCC_GetPLL3QFreq)
    HAL_RCC_GetSysClockFreq                  0x08001b59   Thumb Code   268  stm32h7rsxx_hal_rcc.o(.text.HAL_RCC_GetSysClockFreq)
    HAL_RCC_OscConfig                        0x08001c79   Thumb Code  1180  stm32h7rsxx_hal_rcc.o(.text.HAL_RCC_OscConfig)
    HAL_SBS_EnableIOSpeedOptimize            0x08002119   Thumb Code    16  stm32h7rsxx_hal.o(.text.HAL_SBS_EnableIOSpeedOptimize)
    HAL_SYSTICK_Config                       0x08002129   Thumb Code    44  stm32h7rsxx_hal_cortex.o(.text.HAL_SYSTICK_Config)
    HAL_UARTEx_RxEventCallback               0x08002159   Thumb Code     2  stm32h7rsxx_hal_uart.o(.text.HAL_UARTEx_RxEventCallback)
    HAL_UARTEx_RxFifoFullCallback            0x08002161   Thumb Code     2  stm32h7rsxx_hal_uart_ex.o(.text.HAL_UARTEx_RxFifoFullCallback)
    HAL_UARTEx_TxFifoEmptyCallback           0x08002169   Thumb Code     2  stm32h7rsxx_hal_uart_ex.o(.text.HAL_UARTEx_TxFifoEmptyCallback)
    HAL_UARTEx_WakeupCallback                0x08002171   Thumb Code     2  stm32h7rsxx_hal_uart_ex.o(.text.HAL_UARTEx_WakeupCallback)
    HAL_UART_ErrorCallback                   0x08002179   Thumb Code     2  stm32h7rsxx_hal_uart.o(.text.HAL_UART_ErrorCallback)
    HAL_UART_IRQHandler                      0x08002181   Thumb Code   926  stm32h7rsxx_hal_uart.o(.text.HAL_UART_IRQHandler)
    HAL_UART_Init                            0x08002521   Thumb Code   100  stm32h7rsxx_hal_uart.o(.text.HAL_UART_Init)
    HAL_UART_MspInit                         0x08002589   Thumb Code   204  usart.o(.text.HAL_UART_MspInit)
    HAL_UART_Receive_IT                      0x08002659   Thumb Code    94  stm32h7rsxx_hal_uart.o(.text.HAL_UART_Receive_IT)
    HAL_UART_RxCpltCallback                  0x080026b9   Thumb Code   124  usart.o(.text.HAL_UART_RxCpltCallback)
    HAL_UART_TxCpltCallback                  0x08002739   Thumb Code     2  stm32h7rsxx_hal_uart.o(.text.HAL_UART_TxCpltCallback)
    HAL_XSPIM_Config                         0x08002741   Thumb Code   324  stm32h7rsxx_hal_xspi.o(.text.HAL_XSPIM_Config)
    HAL_XSPI_AutoPolling                     0x08002889   Thumb Code   266  stm32h7rsxx_hal_xspi.o(.text.HAL_XSPI_AutoPolling)
    HAL_XSPI_Command                         0x08002999   Thumb Code   290  stm32h7rsxx_hal_xspi.o(.text.HAL_XSPI_Command)
    HAL_XSPI_DeInit                          0x08002ac1   Thumb Code    38  stm32h7rsxx_hal_xspi.o(.text.HAL_XSPI_DeInit)
    HAL_XSPI_HyperbusCfg                     0x08002ae9   Thumb Code   140  stm32h7rsxx_hal_xspi.o(.text.HAL_XSPI_HyperbusCfg)
    HAL_XSPI_HyperbusCmd                     0x08002b79   Thumb Code   180  stm32h7rsxx_hal_xspi.o(.text.HAL_XSPI_HyperbusCmd)
    HAL_XSPI_Init                            0x08002c31   Thumb Code   410  stm32h7rsxx_hal_xspi.o(.text.HAL_XSPI_Init)
    HAL_XSPI_MemoryMapped                    0x08002dd1   Thumb Code   156  stm32h7rsxx_hal_xspi.o(.text.HAL_XSPI_MemoryMapped)
    HAL_XSPI_MspDeInit                       0x08002e71   Thumb Code    72  sys.o(.text.HAL_XSPI_MspDeInit)
    HAL_XSPI_MspInit                         0x08002eb9   Thumb Code   196  sys.o(.text.HAL_XSPI_MspInit)
    HAL_XSPI_Receive                         0x08002f81   Thumb Code   274  stm32h7rsxx_hal_xspi.o(.text.HAL_XSPI_Receive)
    HAL_XSPI_SetClockPrescaler               0x08003099   Thumb Code    32  stm32h7rsxx_hal_xspi.o(.text.HAL_XSPI_SetClockPrescaler)
    HAL_XSPI_Transmit                        0x080030b9   Thumb Code   226  stm32h7rsxx_hal_xspi.o(.text.HAL_XSPI_Transmit)
    HardFault_Handler                        0x080031a1   Thumb Code     2  stm32h7rsxx_it.o(.text.HardFault_Handler)
    JumpToApplication                        0x080031a9   Thumb Code   210  main.o(.text.JumpToApplication)
    MemManage_Handler                        0x08003281   Thumb Code     2  stm32h7rsxx_it.o(.text.MemManage_Handler)
    NMI_Handler                              0x08003289   Thumb Code     2  stm32h7rsxx_it.o(.text.NMI_Handler)
    PendSV_Handler                           0x08003291   Thumb Code     2  stm32h7rsxx_it.o(.text.PendSV_Handler)
    SVC_Handler                              0x080034a1   Thumb Code     2  stm32h7rsxx_it.o(.text.SVC_Handler)
    SysTick_Handler                          0x080034a9   Thumb Code     4  stm32h7rsxx_it.o(.text.SysTick_Handler)
    SystemInit                               0x080034b1   Thumb Code    30  system_stm32h7rsxx.o(.text.SystemInit)
    UART_AdvFeatureConfig                    0x080034d1   Thumb Code   224  stm32h7rsxx_hal_uart.o(.text.UART_AdvFeatureConfig)
    UART_CheckIdleState                      0x080035b1   Thumb Code   186  stm32h7rsxx_hal_uart.o(.text.UART_CheckIdleState)
    UART_SetConfig                           0x08003bc9   Thumb Code  1120  stm32h7rsxx_hal_uart.o(.text.UART_SetConfig)
    UART_Start_Receive_IT                    0x08004041   Thumb Code   284  stm32h7rsxx_hal_uart.o(.text.UART_Start_Receive_IT)
    UART_WaitOnFlagUntilTimeout              0x08004161   Thumb Code   318  stm32h7rsxx_hal_uart.o(.text.UART_WaitOnFlagUntilTimeout)
    USART1_IRQHandler                        0x080042a1   Thumb Code    12  usart.o(.text.USART1_IRQHandler)
    UsageFault_Handler                       0x080042b1   Thumb Code     2  stm32h7rsxx_it.o(.text.UsageFault_Handler)
    delay_init                               0x08004479   Thumb Code    12  delay.o(.text.delay_init)
    hyperram_init                            0x08004659   Thumb Code   336  hyperram.o(.text.hyperram_init)
    led_init                                 0x08004809   Thumb Code   138  led.o(.text.led_init)
    main                                     0x08004899   Thumb Code   170  main.o(.text.main)
    sys_cache_enable                         0x08004949   Thumb Code   150  sys.o(.text.sys_cache_enable)
    sys_mpu_config                           0x080049e1   Thumb Code   254  sys.o(.text.sys_mpu_config)
    sys_stm32_clock_init                     0x08004ae1   Thumb Code   310  sys.o(.text.sys_stm32_clock_init)
    sys_xspi1_enable_memmapmode              0x08004c19   Thumb Code  2578  sys.o(.text.sys_xspi1_enable_memmapmode)
    usart_init                               0x08005631   Thumb Code    70  usart.o(.text.usart_init)
    __scatterload_copy                       0x08005677   Thumb Code    14  handlers.o(i.__scatterload_copy)
    __scatterload_null                       0x08005685   Thumb Code     2  handlers.o(i.__scatterload_null)
    __scatterload_zeroinit                   0x08005687   Thumb Code    14  handlers.o(i.__scatterload_zeroinit)
    UARTPrescTable                           0x08005694   Data          24  stm32h7rsxx_hal_uart.o(.rodata.UARTPrescTable)
    Region$$Table$$Base                      0x080056b4   Number         0  anon$$obj.o(Region$$Table)
    Region$$Table$$Limit                     0x080056d4   Number         0  anon$$obj.o(Region$$Table)
    SystemCoreClock                          0x24000000   Data           4  system_stm32h7rsxx.o(.data.SystemCoreClock)
    uwTickFreq                               0x24000004   Data           1  stm32h7rsxx_hal.o(.data.uwTickFreq)
    uwTickPrio                               0x24000008   Data           4  stm32h7rsxx_hal.o(.data.uwTickPrio)
    g_rx_buffer                              0x24000014   Data           1  usart.o(.bss.g_rx_buffer)
    g_uart1_handle                           0x24000018   Data         148  usart.o(.bss.g_uart1_handle)
    g_usart_rx_buf                           0x240000ac   Data         200  usart.o(.bss.g_usart_rx_buf)
    g_usart_rx_sta                           0x24000174   Data           2  usart.o(.bss.g_usart_rx_sta)
    pFlash                                   0x240001dc   Data          24  stm32h7rsxx_hal_flash.o(.bss.pFlash)
    rcc_osc_init_struct                      0x240001f4   Data         156  sys.o(.bss.rcc_osc_init_struct)
    sys_memory_mapped_flag                   0x24000290   Data           1  sys.o(.bss.sys_memory_mapped_flag)
    uwTick                                   0x24000294   Data           4  stm32h7rsxx_hal.o(.bss.uwTick)
    __initial_sp                             0x24001298   Data           0  startup_stm32h7r7xx.o(STACK)



==============================================================================

Memory Map of the image

  Image Entry point : 0x080002b1

  Load Region LR_IROM1 (Base: 0x08000000, Size: 0x000056e8, Max: 0x00010000, ABSOLUTE)

    Execution Region ER_IROM1 (Exec base: 0x08000000, Load base: 0x08000000, Size: 0x000056d4, Max: 0x00010000, ABSOLUTE)

    Exec Addr    Load Addr    Size         Type   Attr      Idx    E Section Name        Object

    0x08000000   0x08000000   0x000002b0   Data   RO            3    RESET               startup_stm32h7r7xx.o
    0x080002b0   0x080002b0   0x00000000   Code   RO         1340  * .ARM.Collect$$$$00000000  mc_w.l(entry.o)
    0x080002b0   0x080002b0   0x00000004   Code   RO         1347    .ARM.Collect$$$$00000001  mc_w.l(entry2.o)
    0x080002b4   0x080002b4   0x00000004   Code   RO         1350    .ARM.Collect$$$$00000004  mc_w.l(entry5.o)
    0x080002b8   0x080002b8   0x00000000   Code   RO         1352    .ARM.Collect$$$$00000008  mc_w.l(entry7b.o)
    0x080002b8   0x080002b8   0x00000000   Code   RO         1354    .ARM.Collect$$$$0000000A  mc_w.l(entry8b.o)
    0x080002b8   0x080002b8   0x00000008   Code   RO         1355    .ARM.Collect$$$$0000000B  mc_w.l(entry9a.o)
    0x080002c0   0x080002c0   0x00000000   Code   RO         1357    .ARM.Collect$$$$0000000D  mc_w.l(entry10a.o)
    0x080002c0   0x080002c0   0x00000000   Code   RO         1359    .ARM.Collect$$$$0000000F  mc_w.l(entry11a.o)
    0x080002c0   0x080002c0   0x00000004   Code   RO         1348    .ARM.Collect$$$$00002712  mc_w.l(entry2.o)
    0x080002c4   0x080002c4   0x00000024   Code   RO            4    .text               startup_stm32h7r7xx.o
    0x080002e8   0x080002e8   0x00000062   Code   RO         1343    .text               mc_w.l(uldiv.o)
    0x0800034a   0x0800034a   0x00000024   Code   RO         1345    .text               mc_w.l(memseta.o)
    0x0800036e   0x0800036e   0x0000001e   Code   RO         1361    .text               mc_w.l(llshl.o)
    0x0800038c   0x0800038c   0x00000020   Code   RO         1363    .text               mc_w.l(llushr.o)
    0x080003ac   0x080003ac   0x00000030   Code   RO         1365    .text               mc_w.l(init.o)
    0x080003dc   0x080003dc   0x00000004   PAD
    0x080003e0   0x080003e0   0x00000002   Code   RO           45    .text.BusFault_Handler  stm32h7rsxx_it.o
    0x080003e2   0x080003e2   0x00000006   PAD
    0x080003e8   0x080003e8   0x00000002   Code   RO           51    .text.DebugMon_Handler  stm32h7rsxx_it.o
    0x080003ea   0x080003ea   0x00000006   PAD
    0x080003f0   0x080003f0   0x00000076   Code   RO         1224    .text.FLASH_WaitForLastOperation  stm32h7rsxx_hal_flash.o
    0x08000466   0x08000466   0x00000002   PAD
    0x08000468   0x08000468   0x00000096   Code   RO          821    .text.HAL_DMA_Abort  stm32h7rsxx_hal_dma.o
    0x080004fe   0x080004fe   0x00000002   PAD
    0x08000500   0x08000500   0x00000028   Code   RO          823    .text.HAL_DMA_Abort_IT  stm32h7rsxx_hal_dma.o
    0x08000528   0x08000528   0x00000028   Code   RO          143    .text.HAL_Delay     stm32h7rsxx_hal.o
    0x08000550   0x08000550   0x000001ec   Code   RO         1259    .text.HAL_FLASHEx_OBProgram  stm32h7rsxx_hal_flash_ex.o
    0x0800073c   0x0800073c   0x00000004   PAD
    0x08000740   0x08000740   0x0000001a   Code   RO         1236    .text.HAL_FLASH_Lock  stm32h7rsxx_hal_flash.o
    0x0800075a   0x0800075a   0x00000006   PAD
    0x08000760   0x08000760   0x0000001a   Code   RO         1240    .text.HAL_FLASH_OB_Lock  stm32h7rsxx_hal_flash.o
    0x0800077a   0x0800077a   0x00000006   PAD
    0x08000780   0x08000780   0x0000002c   Code   RO         1238    .text.HAL_FLASH_OB_Unlock  stm32h7rsxx_hal_flash.o
    0x080007ac   0x080007ac   0x00000004   PAD
    0x080007b0   0x080007b0   0x00000030   Code   RO         1234    .text.HAL_FLASH_Unlock  stm32h7rsxx_hal_flash.o
    0x080007e0   0x080007e0   0x00000104   Code   RO          605    .text.HAL_GPIO_DeInit  stm32h7rsxx_hal_gpio.o
    0x080008e4   0x080008e4   0x00000004   PAD
    0x080008e8   0x080008e8   0x00000178   Code   RO          603    .text.HAL_GPIO_Init  stm32h7rsxx_hal_gpio.o
    0x08000a60   0x08000a60   0x0000000c   Code   RO          609    .text.HAL_GPIO_WritePin  stm32h7rsxx_hal_gpio.o
    0x08000a6c   0x08000a6c   0x00000004   PAD
    0x08000a70   0x08000a70   0x0000000c   Code   RO          135    .text.HAL_GetTick   stm32h7rsxx_hal.o
    0x08000a7c   0x08000a7c   0x00000004   PAD
    0x08000a80   0x08000a80   0x0000001a   Code   RO          133    .text.HAL_IncTick   stm32h7rsxx_hal.o
    0x08000a9a   0x08000a9a   0x00000006   PAD
    0x08000aa0   0x08000aa0   0x0000001e   Code   RO          123    .text.HAL_Init      stm32h7rsxx_hal.o
    0x08000abe   0x08000abe   0x00000002   PAD
    0x08000ac0   0x08000ac0   0x00000058   Code   RO          125    .text.HAL_InitTick  stm32h7rsxx_hal.o
    0x08000b18   0x08000b18   0x00000064   Code   RO          312    .text.HAL_MPU_ConfigRegion  stm32h7rsxx_hal_cortex.o
    0x08000b7c   0x08000b7c   0x00000004   PAD
    0x08000b80   0x08000b80   0x00000022   Code   RO          306    .text.HAL_MPU_Disable  stm32h7rsxx_hal_cortex.o
    0x08000ba2   0x08000ba2   0x00000006   PAD
    0x08000ba8   0x08000ba8   0x00000024   Code   RO          304    .text.HAL_MPU_Enable  stm32h7rsxx_hal_cortex.o
    0x08000bcc   0x08000bcc   0x00000004   PAD
    0x08000bd0   0x08000bd0   0x00000002   Code   RO          127    .text.HAL_MspInit   stm32h7rsxx_hal.o
    0x08000bd2   0x08000bd2   0x00000006   PAD
    0x08000bd8   0x08000bd8   0x00000022   Code   RO          276    .text.HAL_NVIC_EnableIRQ  stm32h7rsxx_hal_cortex.o
    0x08000bfa   0x08000bfa   0x00000006   PAD
    0x08000c00   0x08000c00   0x0000005a   Code   RO          274    .text.HAL_NVIC_SetPriority  stm32h7rsxx_hal_cortex.o
    0x08000c5a   0x08000c5a   0x00000006   PAD
    0x08000c60   0x08000c60   0x00000020   Code   RO          272    .text.HAL_NVIC_SetPriorityGrouping  stm32h7rsxx_hal_cortex.o
    0x08000c80   0x08000c80   0x00000072   Code   RO          362    .text.HAL_PWREx_ConfigSupply  stm32h7rsxx_hal_pwr_ex.o
    0x08000cf2   0x08000cf2   0x00000006   PAD
    0x08000cf8   0x08000cf8   0x00000036   Code   RO          366    .text.HAL_PWREx_ControlVoltageScaling  stm32h7rsxx_hal_pwr_ex.o
    0x08000d2e   0x08000d2e   0x00000002   PAD
    0x08000d30   0x08000d30   0x00000032   Code   RO          404    .text.HAL_PWREx_EnableUSBVoltageDetector  stm32h7rsxx_hal_pwr_ex.o
    0x08000d62   0x08000d62   0x00000006   PAD
    0x08000d68   0x08000d68   0x00000012   Code   RO          428    .text.HAL_PWREx_EnableXSPIM1  stm32h7rsxx_hal_pwr_ex.o
    0x08000d7a   0x08000d7a   0x00000006   PAD
    0x08000d80   0x08000d80   0x00000012   Code   RO          432    .text.HAL_PWREx_EnableXSPIM2  stm32h7rsxx_hal_pwr_ex.o
    0x08000d92   0x08000d92   0x00000006   PAD
    0x08000d98   0x08000d98   0x00000952   Code   RO          551    .text.HAL_RCCEx_PeriphCLKConfig  stm32h7rsxx_hal_rcc_ex.o
    0x080016ea   0x080016ea   0x00000006   PAD
    0x080016f0   0x080016f0   0x0000022a   Code   RO          486    .text.HAL_RCC_ClockConfig  stm32h7rsxx_hal_rcc.o
    0x0800191a   0x0800191a   0x00000006   PAD
    0x08001920   0x08001920   0x00000038   Code   RO          496    .text.HAL_RCC_GetPCLK1Freq  stm32h7rsxx_hal_rcc.o
    0x08001958   0x08001958   0x00000038   Code   RO          498    .text.HAL_RCC_GetPCLK2Freq  stm32h7rsxx_hal_rcc.o
    0x08001990   0x08001990   0x00000038   Code   RO          500    .text.HAL_RCC_GetPCLK4Freq  stm32h7rsxx_hal_rcc.o
    0x080019c8   0x080019c8   0x000000c8   Code   RO          514    .text.HAL_RCC_GetPLL2QFreq  stm32h7rsxx_hal_rcc.o
    0x08001a90   0x08001a90   0x000000c8   Code   RO          524    .text.HAL_RCC_GetPLL3QFreq  stm32h7rsxx_hal_rcc.o
    0x08001b58   0x08001b58   0x0000011c   Code   RO          488    .text.HAL_RCC_GetSysClockFreq  stm32h7rsxx_hal_rcc.o
    0x08001c74   0x08001c74   0x00000004   PAD
    0x08001c78   0x08001c78   0x0000049c   Code   RO          482    .text.HAL_RCC_OscConfig  stm32h7rsxx_hal_rcc.o
    0x08002114   0x08002114   0x00000004   PAD
    0x08002118   0x08002118   0x00000010   Code   RO          217    .text.HAL_SBS_EnableIOSpeedOptimize  stm32h7rsxx_hal.o
    0x08002128   0x08002128   0x0000002c   Code   RO          284    .text.HAL_SYSTICK_Config  stm32h7rsxx_hal_cortex.o
    0x08002154   0x08002154   0x00000004   PAD
    0x08002158   0x08002158   0x00000002   Code   RO          719    .text.HAL_UARTEx_RxEventCallback  stm32h7rsxx_hal_uart.o
    0x0800215a   0x0800215a   0x00000006   PAD
    0x08002160   0x08002160   0x00000002   Code   RO          776    .text.HAL_UARTEx_RxFifoFullCallback  stm32h7rsxx_hal_uart_ex.o
    0x08002162   0x08002162   0x00000006   PAD
    0x08002168   0x08002168   0x00000002   Code   RO          778    .text.HAL_UARTEx_TxFifoEmptyCallback  stm32h7rsxx_hal_uart_ex.o
    0x0800216a   0x0800216a   0x00000006   PAD
    0x08002170   0x08002170   0x00000002   Code   RO          774    .text.HAL_UARTEx_WakeupCallback  stm32h7rsxx_hal_uart_ex.o
    0x08002172   0x08002172   0x00000006   PAD
    0x08002178   0x08002178   0x00000002   Code   RO          717    .text.HAL_UART_ErrorCallback  stm32h7rsxx_hal_uart.o
    0x0800217a   0x0800217a   0x00000006   PAD
    0x08002180   0x08002180   0x0000039e   Code   RO          713    .text.HAL_UART_IRQHandler  stm32h7rsxx_hal_uart.o
    0x0800251e   0x0800251e   0x00000002   PAD
    0x08002520   0x08002520   0x00000064   Code   RO          629    .text.HAL_UART_Init  stm32h7rsxx_hal_uart.o
    0x08002584   0x08002584   0x00000004   PAD
    0x08002588   0x08002588   0x000000cc   Code   RO          105    .text.HAL_UART_MspInit  usart.o
    0x08002654   0x08002654   0x00000004   PAD
    0x08002658   0x08002658   0x0000005e   Code   RO          665    .text.HAL_UART_Receive_IT  stm32h7rsxx_hal_uart.o
    0x080026b6   0x080026b6   0x00000002   PAD
    0x080026b8   0x080026b8   0x0000007c   Code   RO          107    .text.HAL_UART_RxCpltCallback  usart.o
    0x08002734   0x08002734   0x00000004   PAD
    0x08002738   0x08002738   0x00000002   Code   RO          721    .text.HAL_UART_TxCpltCallback  stm32h7rsxx_hal_uart.o
    0x0800273a   0x0800273a   0x00000006   PAD
    0x08002740   0x08002740   0x00000144   Code   RO         1018    .text.HAL_XSPIM_Config  stm32h7rsxx_hal_xspi.o
    0x08002884   0x08002884   0x00000004   PAD
    0x08002888   0x08002888   0x0000010a   Code   RO          990    .text.HAL_XSPI_AutoPolling  stm32h7rsxx_hal_xspi.o
    0x08002992   0x08002992   0x00000006   PAD
    0x08002998   0x08002998   0x00000122   Code   RO          962    .text.HAL_XSPI_Command  stm32h7rsxx_hal_xspi.o
    0x08002aba   0x08002aba   0x00000006   PAD
    0x08002ac0   0x08002ac0   0x00000026   Code   RO          938    .text.HAL_XSPI_DeInit  stm32h7rsxx_hal_xspi.o
    0x08002ae6   0x08002ae6   0x00000002   PAD
    0x08002ae8   0x08002ae8   0x0000008c   Code   RO          968    .text.HAL_XSPI_HyperbusCfg  stm32h7rsxx_hal_xspi.o
    0x08002b74   0x08002b74   0x00000004   PAD
    0x08002b78   0x08002b78   0x000000b4   Code   RO          970    .text.HAL_XSPI_HyperbusCmd  stm32h7rsxx_hal_xspi.o
    0x08002c2c   0x08002c2c   0x00000004   PAD
    0x08002c30   0x08002c30   0x0000019a   Code   RO          932    .text.HAL_XSPI_Init  stm32h7rsxx_hal_xspi.o
    0x08002dca   0x08002dca   0x00000006   PAD
    0x08002dd0   0x08002dd0   0x0000009c   Code   RO          994    .text.HAL_XSPI_MemoryMapped  stm32h7rsxx_hal_xspi.o
    0x08002e6c   0x08002e6c   0x00000004   PAD
    0x08002e70   0x08002e70   0x00000048   Code   RO           74    .text.HAL_XSPI_MspDeInit  sys.o
    0x08002eb8   0x08002eb8   0x000000c4   Code   RO           72    .text.HAL_XSPI_MspInit  sys.o
    0x08002f7c   0x08002f7c   0x00000004   PAD
    0x08002f80   0x08002f80   0x00000112   Code   RO          974    .text.HAL_XSPI_Receive  stm32h7rsxx_hal_xspi.o
    0x08003092   0x08003092   0x00000006   PAD
    0x08003098   0x08003098   0x00000020   Code   RO         1012    .text.HAL_XSPI_SetClockPrescaler  stm32h7rsxx_hal_xspi.o
    0x080030b8   0x080030b8   0x000000e2   Code   RO          972    .text.HAL_XSPI_Transmit  stm32h7rsxx_hal_xspi.o
    0x0800319a   0x0800319a   0x00000006   PAD
    0x080031a0   0x080031a0   0x00000002   Code   RO           41    .text.HardFault_Handler  stm32h7rsxx_it.o
    0x080031a2   0x080031a2   0x00000006   PAD
    0x080031a8   0x080031a8   0x000000d2   Code   RO           13    .text.JumpToApplication  main.o
    0x0800327a   0x0800327a   0x00000006   PAD
    0x08003280   0x08003280   0x00000002   Code   RO           43    .text.MemManage_Handler  stm32h7rsxx_it.o
    0x08003282   0x08003282   0x00000006   PAD
    0x08003288   0x08003288   0x00000002   Code   RO           39    .text.NMI_Handler   stm32h7rsxx_it.o
    0x0800328a   0x0800328a   0x00000006   PAD
    0x08003290   0x08003290   0x00000002   Code   RO           53    .text.PendSV_Handler  stm32h7rsxx_it.o
    0x08003292   0x08003292   0x00000006   PAD
    0x08003298   0x08003298   0x00000206   Code   RO          484    .text.RCC_PLL_Config  stm32h7rsxx_hal_rcc.o
    0x0800349e   0x0800349e   0x00000002   PAD
    0x080034a0   0x080034a0   0x00000002   Code   RO           49    .text.SVC_Handler   stm32h7rsxx_it.o
    0x080034a2   0x080034a2   0x00000006   PAD
    0x080034a8   0x080034a8   0x00000004   Code   RO           55    .text.SysTick_Handler  stm32h7rsxx_it.o
    0x080034ac   0x080034ac   0x00000004   PAD
    0x080034b0   0x080034b0   0x0000001e   Code   RO           26    .text.SystemInit    system_stm32h7rsxx.o
    0x080034ce   0x080034ce   0x00000002   PAD
    0x080034d0   0x080034d0   0x000000e0   Code   RO          633    .text.UART_AdvFeatureConfig  stm32h7rsxx_hal_uart.o
    0x080035b0   0x080035b0   0x000000ba   Code   RO          637    .text.UART_CheckIdleState  stm32h7rsxx_hal_uart.o
    0x0800366a   0x0800366a   0x00000006   PAD
    0x08003670   0x08003670   0x00000010   Code   RO          715    .text.UART_DMAAbortOnError  stm32h7rsxx_hal_uart.o
    0x08003680   0x08003680   0x000000ce   Code   RO          755    .text.UART_RxISR_16BIT  stm32h7rsxx_hal_uart.o
    0x0800374e   0x0800374e   0x00000002   PAD
    0x08003750   0x08003750   0x000001d0   Code   RO          751    .text.UART_RxISR_16BIT_FIFOEN  stm32h7rsxx_hal_uart.o
    0x08003920   0x08003920   0x000000ce   Code   RO          757    .text.UART_RxISR_8BIT  stm32h7rsxx_hal_uart.o
    0x080039ee   0x080039ee   0x00000002   PAD
    0x080039f0   0x080039f0   0x000001d4   Code   RO          753    .text.UART_RxISR_8BIT_FIFOEN  stm32h7rsxx_hal_uart.o
    0x08003bc4   0x08003bc4   0x00000004   PAD
    0x08003bc8   0x08003bc8   0x00000478   Code   RO          635    .text.UART_SetConfig  stm32h7rsxx_hal_uart.o
    0x08004040   0x08004040   0x0000011c   Code   RO          667    .text.UART_Start_Receive_IT  stm32h7rsxx_hal_uart.o
    0x0800415c   0x0800415c   0x00000004   PAD
    0x08004160   0x08004160   0x0000013e   Code   RO          651    .text.UART_WaitOnFlagUntilTimeout  stm32h7rsxx_hal_uart.o
    0x0800429e   0x0800429e   0x00000002   PAD
    0x080042a0   0x080042a0   0x0000000c   Code   RO          109    .text.USART1_IRQHandler  usart.o
    0x080042ac   0x080042ac   0x00000004   PAD
    0x080042b0   0x080042b0   0x00000002   Code   RO           47    .text.UsageFault_Handler  stm32h7rsxx_it.o
    0x080042b2   0x080042b2   0x00000006   PAD
    0x080042b8   0x080042b8   0x000001be   Code   RO          964    .text.XSPI_ConfigCmd  stm32h7rsxx_hal_xspi.o
    0x08004476   0x08004476   0x00000002   PAD
    0x08004478   0x08004478   0x0000000c   Code   RO           86    .text.delay_init    delay.o
    0x08004484   0x08004484   0x00000004   PAD
    0x08004488   0x08004488   0x000000d8   Code   RO         1323    .text.hyperram_check_identification  hyperram.o
    0x08004560   0x08004560   0x000000ba   Code   RO         1325    .text.hyperram_config_differential_clock  hyperram.o
    0x0800461a   0x0800461a   0x00000006   PAD
    0x08004620   0x08004620   0x00000032   Code   RO         1321    .text.hyperram_hardware_reset  hyperram.o
    0x08004652   0x08004652   0x00000006   PAD
    0x08004658   0x08004658   0x00000150   Code   RO         1319    .text.hyperram_init  hyperram.o
    0x080047a8   0x080047a8   0x00000060   Code   RO         1327    .text.hyperram_memory_mapped  hyperram.o
    0x08004808   0x08004808   0x0000008a   Code   RO         1297    .text.led_init      led.o
    0x08004892   0x08004892   0x00000006   PAD
    0x08004898   0x08004898   0x000000aa   Code   RO           15    .text.main          main.o
    0x08004942   0x08004942   0x00000006   PAD
    0x08004948   0x08004948   0x00000096   Code   RO           66    .text.sys_cache_enable  sys.o
    0x080049de   0x080049de   0x00000002   PAD
    0x080049e0   0x080049e0   0x000000fe   Code   RO           64    .text.sys_mpu_config  sys.o
    0x08004ade   0x08004ade   0x00000002   PAD
    0x08004ae0   0x08004ae0   0x00000136   Code   RO           68    .text.sys_stm32_clock_init  sys.o
    0x08004c16   0x08004c16   0x00000002   PAD
    0x08004c18   0x08004c18   0x00000a12   Code   RO           70    .text.sys_xspi1_enable_memmapmode  sys.o
    0x0800562a   0x0800562a   0x00000006   PAD
    0x08005630   0x08005630   0x00000046   Code   RO          103    .text.usart_init    usart.o
    0x08005676   0x08005676   0x0000000e   Code   RO         1369    i.__scatterload_copy  mc_w.l(handlers.o)
    0x08005684   0x08005684   0x00000002   Code   RO         1370    i.__scatterload_null  mc_w.l(handlers.o)
    0x08005686   0x08005686   0x0000000e   Code   RO         1371    i.__scatterload_zeroinit  mc_w.l(handlers.o)
    0x08005694   0x08005694   0x00000018   Data   RO          763    .rodata.UARTPrescTable  stm32h7rsxx_hal_uart.o
    0x080056ac   0x080056ac   0x00000008   Data   RO          542    .rodata.cst8        stm32h7rsxx_hal_rcc.o
    0x080056b4   0x080056b4   0x00000020   Data   RO         1368    Region$$Table       anon$$obj.o


    Execution Region RW_IRAM1 (Exec base: 0x24000000, Load base: 0x080056d8, Size: 0x00001298, Max: 0x00072000, ABSOLUTE)

    Exec Addr    Load Addr    Size         Type   Attr      Idx    E Section Name        Object

    0x24000000   0x080056d8   0x00000004   Data   RW           30    .data.SystemCoreClock  system_stm32h7rsxx.o
    0x24000004   0x080056dc   0x00000001   Data   RW          262    .data.uwTickFreq    stm32h7rsxx_hal.o
    0x24000005   0x080056dd   0x00000003   PAD
    0x24000008   0x080056e0   0x00000004   Data   RW          261    .data.uwTickPrio    stm32h7rsxx_hal.o
    0x2400000c   0x080056e4   0x00000004   PAD
    0x24000010        -       0x00000004   Zero   RW           92    .bss.g_fac_us       delay.o
    0x24000014        -       0x00000001   Zero   RW          113    .bss.g_rx_buffer    usart.o
    0x24000015   0x080056e4   0x00000003   PAD
    0x24000018        -       0x00000094   Zero   RW          111    .bss.g_uart1_handle  usart.o
    0x240000ac        -       0x000000c8   Zero   RW          114    .bss.g_usart_rx_buf  usart.o
    0x24000174        -       0x00000002   Zero   RW          112    .bss.g_usart_rx_sta  usart.o
    0x24000176   0x080056e4   0x00000002   PAD
    0x24000178        -       0x00000060   Zero   RW         1331    .bss.g_xspi_handle  hyperram.o
    0x240001d8        -       0x00000004   Zero   RW         1332    .bss.hyperram_size  hyperram.o
    0x240001dc        -       0x00000018   Zero   RW         1244    .bss.pFlash         stm32h7rsxx_hal_flash.o
    0x240001f4        -       0x0000009c   Zero   RW           76    .bss.rcc_osc_init_struct  sys.o
    0x24000290        -       0x00000001   Zero   RW           77    .bss.sys_memory_mapped_flag  sys.o
    0x24000291   0x080056e4   0x00000003   PAD
    0x24000294        -       0x00000004   Zero   RW          263    .bss.uwTick         stm32h7rsxx_hal.o
    0x24000298        -       0x00001000   Zero   RW            1    STACK               startup_stm32h7r7xx.o


==============================================================================

Image component sizes


      Code (inc. data)   RO Data    RW Data    ZI Data      Debug   Object Name

        12          0          0          0          4       1992   delay.o
       884          0          0          0        100      11483   hyperram.o
       138          0          0          0          0       3252   led.o
       380          0          0          0          0       4756   main.o
        36          8        688          0       4096        988   startup_stm32h7r7xx.o
       214          0          0          5          4      17920   stm32h7rsxx_hal.o
       370          0          0          0          0      12659   stm32h7rsxx_hal_cortex.o
       190          0          0          0          0      10599   stm32h7rsxx_hal_dma.o
       262          0          0          0         24      10998   stm32h7rsxx_hal_flash.o
       492          0          0          0          0      10208   stm32h7rsxx_hal_flash_ex.o
       648          0          0          0          0       5081   stm32h7rsxx_hal_gpio.o
       254          0          0          0          0      10866   stm32h7rsxx_hal_pwr_ex.o
      3104         48          8          0          0      23731   stm32h7rsxx_hal_rcc.o
      2386         86          0          0          0      15308   stm32h7rsxx_hal_rcc_ex.o
      4642        346         24          0          0      37256   stm32h7rsxx_hal_uart.o
         6          0          0          0          0      11560   stm32h7rsxx_hal_uart_ex.o
      2782          0          0          0          0      31054   stm32h7rsxx_hal_xspi.o
        20          0          0          0          0       1174   stm32h7rsxx_it.o
      3560          0          0          0        157      27075   sys.o
        30          0          0          4          0       4726   system_stm32h7rsxx.o
       410          0          0          0        351      12526   usart.o

    ----------------------------------------------------------------------
     21178        492        752         12       4748     265212   Object Totals
         0          0         32          0          0          0   (incl. Generated)
       358          4          0          3         12          0   (incl. Padding)

    ----------------------------------------------------------------------

      Code (inc. data)   RO Data    RW Data    ZI Data      Debug   Library Member Name

         0          0          0          0          0          0   entry.o
         0          0          0          0          0          0   entry10a.o
         0          0          0          0          0          0   entry11a.o
         8          4          0          0          0          0   entry2.o
         4          0          0          0          0          0   entry5.o
         0          0          0          0          0          0   entry7b.o
         0          0          0          0          0          0   entry8b.o
         8          4          0          0          0          0   entry9a.o
        30          0          0          0          0          0   handlers.o
        48         10          0          0          0         68   init.o
        30          0          0          0          0         68   llshl.o
        32          0          0          0          0         68   llushr.o
        36          0          0          0          0        108   memseta.o
        98          0          0          0          0         92   uldiv.o

    ----------------------------------------------------------------------
       298         22          0          0          0        404   Library Totals
         4          4          0          0          0          0   (incl. Padding)

    ----------------------------------------------------------------------

      Code (inc. data)   RO Data    RW Data    ZI Data      Debug   Library Name

       294         18          0          0          0        404   mc_w.l

    ----------------------------------------------------------------------
       298         22          0          0          0        404   Library Totals

    ----------------------------------------------------------------------

==============================================================================


      Code (inc. data)   RO Data    RW Data    ZI Data      Debug   

     21476        514        752         12       4748     265336   Grand Totals
     21476        514        752         12       4748     265336   ELF Image Totals
     21476        514        752         12          0          0   ROM Totals

==============================================================================

    Total RO  Size (Code + RO Data)                22228 (  21.71kB)
    Total RW  Size (RW Data + ZI Data)              4760 (   4.65kB)
    Total ROM Size (Code + RO Data + RW Data)      22240 (  21.72kB)

==============================================================================

