<html>
<body>
<pre>
<h1>µVision Build Log</h1>
<h2>Tool Versions:</h2>
IDE-Version: ¦ÌVision V5.41.0.0
Copyright (C) 2024 ARM Ltd and ARM Germany GmbH. All rights reserved.
License Information: 123 736810738@qq.com, 123, LIC=4ZLZX-HPGV5-UMM9A-1SKZ2-N60JA-7ZQDK
 
Tool Versions:
Toolchain:       MDK-ARM Professional  Version: 5.41.0.0
Toolchain Path:  C:\Users\73681\AppData\Local\Keil_v5\ARM\ARMCLANG\Bin
C Compiler:      ArmClang.exe V6.22
Assembler:       Armasm.exe V6.22
Linker/Locator:  ArmLink.exe V6.22
Library Manager: ArmAr.exe V6.22
Hex Converter:   FromElf.exe V6.22
CPU DLL:         SARMCM3.DLL V5.41.0.0
Dialog DLL:      DCM.DLL V1.17.5.0
Target DLL:      CMSIS_AGDI.dll V1.33.21.0
Dialog DLL:      TCM.DLL V1.56.4.0
 
<h2>Project:</h2>
G:\projects\embeb\exper_mother_control\Project\bootloader\Projects\MDK-ARM\atk_h7r7.uvprojx
Project File Date:  05/14/2025

<h2>Output:</h2>
*** Using Compiler 'V6.22', folder: 'C:\Users\73681\AppData\Local\Keil_v5\ARM\ARMCLANG\Bin'
Build target 'atk_h7r7'
compiling main.c...
compiling sys.c...
linking...
Program Size: Code=21476 RO-data=752 RW-data=12 ZI-data=4748  
FromELF: creating hex file...
"..\..\Output\atk_h7r7.axf" - 0 Error(s), 0 Warning(s).

<h2>Software Packages used:</h2>

Package Vendor: Keil
                https://www.keil.com/pack/Keil.STM32H7RSxx_DFP.1.0.0.pack
                Keil::STM32H7RSxx_DFP@1.0.0
                STMicroelectronics STM32H7RSxx Series Device Support

<h2>Collection of Component include folders:</h2>

<h2>Collection of Component Files used:</h2>
Build Time Elapsed:  00:00:01
</pre>
</body>
</html>
